2025-11-08T17:25:11.802+09:00 INFO  [restartedMain] c.j.SpringJavase11StudyApplication - Starting SpringJavase11StudyApplication using Java 21.0.8 with PID 4367 (/Applications/Eclipse_2023-12.app/Contents/workspace/JAVA_STUDY/spring_javase11_study/target/classes started by shu-kundeath in /Applications/Eclipse_2023-12.app/Contents/workspace/JAVA_STUDY/spring_javase11_study) viewId=
2025-11-08T17:25:11.803+09:00 INFO  [restartedMain] c.j.SpringJavase11StudyApplication - The following 1 profile is active: "init" viewId=
2025-11-08T17:25:14.030+09:00 INFO  [restartedMain] o.s.b.w.e.tomcat.TomcatWebServer - Tomcat initialized with port 8080 (http) viewId=
2025-11-08T17:25:14.036+09:00 INFO  [restartedMain] o.a.coyote.http11.Http11NioProtocol - Initializing ProtocolHandler ["http-nio-8080"] viewId=
2025-11-08T17:25:14.037+09:00 INFO  [restartedMain] o.a.catalina.core.StandardService - Starting service [Tomcat] viewId=
2025-11-08T17:25:14.037+09:00 INFO  [restartedMain] o.a.catalina.core.StandardEngine - Starting Servlet engine: [Apache Tomcat/10.1.48] viewId=
2025-11-08T17:25:14.091+09:00 INFO  [restartedMain] o.a.c.c.C.[Tomcat-1].[localhost].[/] - Initializing Spring embedded WebApplicationContext viewId=
2025-11-08T17:25:14.094+09:00 INFO  [restartedMain] o.s.b.w.s.c.ServletWebServerApplicationContext - Root WebApplicationContext: initialization completed in 2286 ms viewId=
2025-11-08T17:25:14.344+09:00 WARN  [restartedMain] o.a.c.c.C.[Tomcat-1].[localhost].[/] - Cannot deserialize session attribute [SPRING_SECURITY_CONTEXT] for session [DFCE90109E85D24C141BCE2B1122F5D1] viewId=
2025-11-08T17:25:14.425+09:00 WARN  [restartedMain] o.s.b.w.s.c.AnnotationConfigServletWebServerApplicationContext - Exception encountered during context initialization - cancelling refresh attempt: org.springframework.beans.factory.UnsatisfiedDependencyException: Error creating bean with name 'myAuthorityServiceImpl' defined in file [/Applications/Eclipse_2023-12.app/Contents/workspace/JAVA_STUDY/my_login/target/classes/com/login/components/authority/internal/MyAuthorityServiceImpl.class]: Unsatisfied dependency expressed through constructor parameter 0: No qualifying bean of type 'com.login.components.authority.internal.MyAuthorityRepository' available: expected at least 1 bean which qualifies as autowire candidate. Dependency annotations: {} viewId=
2025-11-08T17:25:14.426+09:00 INFO  [restartedMain] o.a.catalina.core.StandardService - Stopping service [Tomcat] viewId=
2025-11-08T17:25:14.454+09:00 INFO  [restartedMain] o.s.b.a.l.ConditionEvaluationReportLogger - 

Error starting ApplicationContext. To display the condition evaluation report re-run your application with 'debug' enabled. viewId=
2025-11-08T17:25:14.476+09:00 ERROR [restartedMain] o.s.b.d.LoggingFailureAnalysisReporter - 

***************************
APPLICATION FAILED TO START
***************************

Description:

Parameter 0 of constructor in com.login.components.authority.internal.MyAuthorityServiceImpl required a bean of type 'com.login.components.authority.internal.MyAuthorityRepository' that could not be found.


Action:

Consider defining a bean of type 'com.login.components.authority.internal.MyAuthorityRepository' in your configuration.
 viewId=
2025-11-08T17:26:30.190+09:00 INFO  [restartedMain] c.j.SpringJavase11StudyApplication - Starting SpringJavase11StudyApplication using Java 21.0.8 with PID 4367 (/Applications/Eclipse_2023-12.app/Contents/workspace/JAVA_STUDY/spring_javase11_study/target/classes started by shu-kundeath in /Applications/Eclipse_2023-12.app/Contents/workspace/JAVA_STUDY/spring_javase11_study) viewId=
2025-11-08T17:26:30.191+09:00 INFO  [restartedMain] c.j.SpringJavase11StudyApplication - The following 1 profile is active: "init" viewId=
2025-11-08T17:26:30.359+09:00 WARN  [restartedMain] o.s.b.w.s.c.AnnotationConfigServletWebServerApplicationContext - Exception encountered during context initialization - cancelling refresh attempt: org.springframework.beans.factory.BeanDefinitionStoreException: I/O failure while processing configuration class [com.javastudy.SpringJavase11StudyApplication] viewId=
2025-11-08T17:26:30.373+09:00 ERROR [restartedMain] o.s.boot.SpringApplication - Application run failed viewId=
org.springframework.beans.factory.BeanDefinitionStoreException: I/O failure while processing configuration class [com.javastudy.SpringJavase11StudyApplication]
	at org.springframework.context.annotation.ConfigurationClassParser.processConfigurationClass(ConfigurationClassParser.java:286)
	at org.springframework.context.annotation.ConfigurationClassParser.parse(ConfigurationClassParser.java:204)
	at org.springframework.context.annotation.ConfigurationClassParser.parse(ConfigurationClassParser.java:172)
	at org.springframework.context.annotation.ConfigurationClassPostProcessor.processConfigBeanDefinitions(ConfigurationClassPostProcessor.java:418)
	at org.springframework.context.annotation.ConfigurationClassPostProcessor.postProcessBeanDefinitionRegistry(ConfigurationClassPostProcessor.java:290)
	at org.springframework.context.support.PostProcessorRegistrationDelegate.invokeBeanDefinitionRegistryPostProcessors(PostProcessorRegistrationDelegate.java:349)
	at org.springframework.context.support.PostProcessorRegistrationDelegate.invokeBeanFactoryPostProcessors(PostProcessorRegistrationDelegate.java:118)
	at org.springframework.context.support.AbstractApplicationContext.invokeBeanFactoryPostProcessors(AbstractApplicationContext.java:791)
	at org.springframework.context.support.AbstractApplicationContext.refresh(AbstractApplicationContext.java:609)
	at org.springframework.boot.web.servlet.context.ServletWebServerApplicationContext.refresh(ServletWebServerApplicationContext.java:146)
	at org.springframework.boot.SpringApplication.refresh(SpringApplication.java:752)
	at org.springframework.boot.SpringApplication.refreshContext(SpringApplication.java:439)
	at org.springframework.boot.SpringApplication.run(SpringApplication.java:318)
	at org.springframework.boot.SpringApplication.run(SpringApplication.java:1361)
	at org.springframework.boot.SpringApplication.run(SpringApplication.java:1350)
	at com.javastudy.SpringJavase11StudyApplication.main(SpringJavase11StudyApplication.java:16)
	at java.base/jdk.internal.reflect.DirectMethodHandleAccessor.invoke(DirectMethodHandleAccessor.java:103)
	at java.base/java.lang.reflect.Method.invoke(Method.java:580)
	at org.springframework.boot.devtools.restart.RestartLauncher.run(RestartLauncher.java:50)
Caused by: java.io.FileNotFoundException: class path resource [com/javastudy/validation/authority_system_name/AuthoritySystemNamePolicyValidator.class] cannot be opened because it does not exist
	at org.springframework.core.io.ClassPathResource.getInputStream(ClassPathResource.java:215)
	at org.springframework.core.type.classreading.SimpleMetadataReader.getClassReader(SimpleMetadataReader.java:54)
	at org.springframework.core.type.classreading.SimpleMetadataReader.<init>(SimpleMetadataReader.java:48)
	at org.springframework.core.type.classreading.SimpleMetadataReaderFactory.getMetadataReader(SimpleMetadataReaderFactory.java:103)
	at org.springframework.boot.type.classreading.ConcurrentReferenceCachingMetadataReaderFactory.createMetadataReader(ConcurrentReferenceCachingMetadataReaderFactory.java:98)
	at org.springframework.boot.type.classreading.ConcurrentReferenceCachingMetadataReaderFactory.getMetadataReader(ConcurrentReferenceCachingMetadataReaderFactory.java:85)
	at org.springframework.core.type.classreading.SimpleMetadataReaderFactory.getMetadataReader(SimpleMetadataReaderFactory.java:81)
	at org.springframework.boot.type.classreading.ConcurrentReferenceCachingMetadataReaderFactory.getMetadataReader(ConcurrentReferenceCachingMetadataReaderFactory.java:75)
	at org.springframework.context.annotation.ConfigurationClassParser.parse(ConfigurationClassParser.java:216)
	at org.springframework.context.annotation.ConfigurationClassParser.doProcessConfigurationClass(ConfigurationClassParser.java:354)
	at org.springframework.context.annotation.ConfigurationClassParser.processConfigurationClass(ConfigurationClassParser.java:281)
	... 18 common frames omitted
