2025-11-04T08:38:20.813+09:00 INFO  [restartedMain] c.j.SpringJavase11StudyApplication - Starting SpringJavase11StudyApplication using Java 21.0.8 with PID 1413 (/Applications/Eclipse_2023-12.app/Contents/workspace/JAVA_STUDY/spring_javase11_study/target/classes started by shu-kundeath in /Applications/Eclipse_2023-12.app/Contents/workspace/JAVA_STUDY/spring_javase11_study) viewId=
2025-11-04T08:38:20.815+09:00 INFO  [restartedMain] c.j.SpringJavase11StudyApplication - No active profile set, falling back to 1 default profile: "default" viewId=
2025-11-04T08:38:20.885+09:00 INFO  [restartedMain] o.s.b.d.e.DevToolsPropertyDefaultsPostProcessor - Devtools property defaults active! Set 'spring.devtools.add-properties' to 'false' to disable viewId=
2025-11-04T08:38:20.885+09:00 INFO  [restartedMain] o.s.b.d.e.DevToolsPropertyDefaultsPostProcessor - For additional web related logging consider setting the 'logging.level.web' property to 'DEBUG' viewId=
2025-11-04T08:38:22.052+09:00 INFO  [restartedMain] o.s.d.r.c.RepositoryConfigurationDelegate - Bootstrapping Spring Data JPA repositories in DEFAULT mode. viewId=
2025-11-04T08:38:22.211+09:00 INFO  [restartedMain] o.s.d.r.c.RepositoryConfigurationDelegate - Finished Spring Data repository scanning in 139 ms. Found 9 JPA repository interfaces. viewId=
2025-11-04T08:38:23.683+09:00 INFO  [restartedMain] o.s.b.w.e.tomcat.TomcatWebServer - Tomcat initialized with port 8080 (http) viewId=
2025-11-04T08:38:23.703+09:00 INFO  [restartedMain] o.a.coyote.http11.Http11NioProtocol - Initializing ProtocolHandler ["http-nio-8080"] viewId=
2025-11-04T08:38:23.706+09:00 INFO  [restartedMain] o.a.catalina.core.StandardService - Starting service [Tomcat] viewId=
2025-11-04T08:38:23.707+09:00 INFO  [restartedMain] o.a.catalina.core.StandardEngine - Starting Servlet engine: [Apache Tomcat/10.1.48] viewId=
2025-11-04T08:38:23.769+09:00 INFO  [restartedMain] o.a.c.c.C.[Tomcat].[localhost].[/] - Initializing Spring embedded WebApplicationContext viewId=
2025-11-04T08:38:23.770+09:00 INFO  [restartedMain] o.s.b.w.s.c.ServletWebServerApplicationContext - Root WebApplicationContext: initialization completed in 2883 ms viewId=
2025-11-04T08:38:24.627+09:00 INFO  [restartedMain] o.s.o.j.p.SpringPersistenceUnitInfo - No LoadTimeWeaver setup: ignoring JPA class transformer viewId=
2025-11-04T08:38:24.670+09:00 INFO  [restartedMain] com.zaxxer.hikari.HikariDataSource - HikariPool-1 - Starting... viewId=
2025-11-04T08:38:24.802+09:00 INFO  [restartedMain] com.zaxxer.hikari.pool.HikariPool - HikariPool-1 - Added connection org.postgresql.jdbc.PgConnection@67270f84 viewId=
2025-11-04T08:38:24.805+09:00 INFO  [restartedMain] com.zaxxer.hikari.HikariDataSource - HikariPool-1 - Start completed. viewId=
2025-11-04T08:38:26.388+09:00 INFO  [restartedMain] o.s.o.j.LocalContainerEntityManagerFactoryBean - Initialized JPA EntityManagerFactory for persistence unit 'default' viewId=
2025-11-04T08:38:26.809+09:00 INFO  [restartedMain] o.s.d.j.r.query.QueryEnhancerFactory - Hibernate is in classpath; If applicable, HQL parser will be used. viewId=
2025-11-04T08:38:29.670+09:00 WARN  [restartedMain] o.s.b.a.o.j.JpaBaseConfiguration$JpaWebConfiguration - spring.jpa.open-in-view is enabled by default. Therefore, database queries may be performed during view rendering. Explicitly configure spring.jpa.open-in-view to disable this warning viewId=
2025-11-04T08:38:30.217+09:00 INFO  [restartedMain] o.s.s.c.a.a.c.InitializeUserDetailsBeanManagerConfigurer$InitializeUserDetailsManagerConfigurer - Global AuthenticationManager configured with UserDetailsService bean with name myUserDetailsServiceImpl viewId=
2025-11-04T08:38:31.208+09:00 INFO  [restartedMain] o.s.b.d.a.OptionalLiveReloadServer - LiveReload server is running on port 35729 viewId=
2025-11-04T08:38:31.254+09:00 INFO  [restartedMain] o.a.coyote.http11.Http11NioProtocol - Starting ProtocolHandler ["http-nio-8080"] viewId=
2025-11-04T08:38:31.283+09:00 INFO  [restartedMain] o.s.b.w.e.tomcat.TomcatWebServer - Tomcat started on port 8080 (http) with context path '/' viewId=
2025-11-04T08:38:31.297+09:00 INFO  [restartedMain] c.j.SpringJavase11StudyApplication - Started SpringJavase11StudyApplication in 11.244 seconds (process running for 12.279) viewId=
2025-11-04T08:38:31.307+09:00 INFO  [restartedMain] c.j.config.logging.boot.BootLogging - APP_READY app=spring_javase11_study profiles= pid=1413@daishuuichirounoMacBook-Air.local jvm=21.0.8 dbUrl=jdbc:postgresql://localhost:5432/javase11_study viewId=
2025-11-04T08:43:38.260+09:00 INFO  [http-nio-8080-exec-1] o.a.c.c.C.[Tomcat].[localhost].[/] - Initializing Spring DispatcherServlet 'dispatcherServlet' viewId=
2025-11-04T08:43:38.261+09:00 INFO  [http-nio-8080-exec-1] o.s.web.servlet.DispatcherServlet - Initializing Servlet 'dispatcherServlet' viewId=
2025-11-04T08:43:38.264+09:00 INFO  [http-nio-8080-exec-1] o.s.web.servlet.DispatcherServlet - Completed initialization in 3 ms viewId=
2025-11-04T08:43:47.021+09:00 ERROR [http-nio-8080-exec-2] c.j.c.e.a.a.GlobalUnexpectedExceptionAdvice - EX_UNEXPECTED status=500 traceId=24e16a37-f680-4d30-b8f6-985ad46fb083 viewId=7a9c38e9-c6ce-4e02-b4c6-af4f391cded5 viewId=7a9c38e9-c6ce-4e02-b4c6-af4f391cded5
org.springframework.web.servlet.resource.NoResourceFoundException: No static resource js/common/client-logger.js.
	at org.springframework.web.servlet.resource.ResourceHttpRequestHandler.handleRequest(ResourceHttpRequestHandler.java:585)
	at org.springframework.web.servlet.mvc.HttpRequestHandlerAdapter.handle(HttpRequestHandlerAdapter.java:52)
	at org.springframework.web.servlet.DispatcherServlet.doDispatch(DispatcherServlet.java:1089)
	at org.springframework.web.servlet.DispatcherServlet.doService(DispatcherServlet.java:979)
	at org.springframework.web.servlet.FrameworkServlet.processRequest(FrameworkServlet.java:1014)
	at org.springframework.web.servlet.FrameworkServlet.doGet(FrameworkServlet.java:903)
	at jakarta.servlet.http.HttpServlet.service(HttpServlet.java:564)
	at org.springframework.web.servlet.FrameworkServlet.service(FrameworkServlet.java:885)
	at jakarta.servlet.http.HttpServlet.service(HttpServlet.java:658)
	at org.apache.catalina.core.ApplicationFilterChain.internalDoFilter(ApplicationFilterChain.java:193)
	at org.apache.catalina.core.ApplicationFilterChain.doFilter(ApplicationFilterChain.java:138)
	at org.apache.tomcat.websocket.server.WsFilter.doFilter(WsFilter.java:51)
	at org.apache.catalina.core.ApplicationFilterChain.internalDoFilter(ApplicationFilterChain.java:162)
	at org.apache.catalina.core.ApplicationFilterChain.doFilter(ApplicationFilterChain.java:138)
	at org.springframework.web.filter.CompositeFilter$VirtualFilterChain.doFilter(CompositeFilter.java:108)
	at org.springframework.web.filter.CompositeFilter$VirtualFilterChain.doFilter(CompositeFilter.java:108)
	at org.springframework.security.web.FilterChainProxy.lambda$doFilterInternal$3(FilterChainProxy.java:231)
	at org.springframework.security.web.FilterChainProxy$VirtualFilterChain.doFilter(FilterChainProxy.java:365)
	at org.springframework.security.web.access.intercept.AuthorizationFilter.doFilter(AuthorizationFilter.java:101)
	at org.springframework.security.web.FilterChainProxy$VirtualFilterChain.doFilter(FilterChainProxy.java:374)
	at org.springframework.security.web.access.ExceptionTranslationFilter.doFilter(ExceptionTranslationFilter.java:125)
	at org.springframework.security.web.access.ExceptionTranslationFilter.doFilter(ExceptionTranslationFilter.java:119)
	at org.springframework.security.web.FilterChainProxy$VirtualFilterChain.doFilter(FilterChainProxy.java:374)
	at org.springframework.security.web.authentication.AnonymousAuthenticationFilter.doFilter(AnonymousAuthenticationFilter.java:100)
	at org.springframework.security.web.FilterChainProxy$VirtualFilterChain.doFilter(FilterChainProxy.java:374)
	at org.springframework.security.web.servletapi.SecurityContextHolderAwareRequestFilter.doFilter(SecurityContextHolderAwareRequestFilter.java:179)
	at org.springframework.security.web.FilterChainProxy$VirtualFilterChain.doFilter(FilterChainProxy.java:374)
	at org.springframework.security.web.savedrequest.RequestCacheAwareFilter.doFilter(RequestCacheAwareFilter.java:63)
	at org.springframework.security.web.FilterChainProxy$VirtualFilterChain.doFilter(FilterChainProxy.java:374)
	at org.springframework.security.web.authentication.AbstractAuthenticationProcessingFilter.doFilter(AbstractAuthenticationProcessingFilter.java:235)
	at org.springframework.security.web.authentication.AbstractAuthenticationProcessingFilter.doFilter(AbstractAuthenticationProcessingFilter.java:229)
	at org.springframework.security.web.FilterChainProxy$VirtualFilterChain.doFilter(FilterChainProxy.java:374)
	at org.springframework.security.web.authentication.logout.LogoutFilter.doFilter(LogoutFilter.java:107)
	at org.springframework.security.web.authentication.logout.LogoutFilter.doFilter(LogoutFilter.java:93)
	at org.springframework.security.web.FilterChainProxy$VirtualFilterChain.doFilter(FilterChainProxy.java:374)
	at org.springframework.security.web.csrf.CsrfFilter.doFilterInternal(CsrfFilter.java:117)
	at org.springframework.web.filter.OncePerRequestFilter.doFilter(OncePerRequestFilter.java:116)
	at org.springframework.security.web.FilterChainProxy$VirtualFilterChain.doFilter(FilterChainProxy.java:374)
	at org.springframework.security.web.header.HeaderWriterFilter.doHeadersAfter(HeaderWriterFilter.java:90)
	at org.springframework.security.web.header.HeaderWriterFilter.doFilterInternal(HeaderWriterFilter.java:75)
	at org.springframework.web.filter.OncePerRequestFilter.doFilter(OncePerRequestFilter.java:116)
	at org.springframework.security.web.FilterChainProxy$VirtualFilterChain.doFilter(FilterChainProxy.java:374)
	at org.springframework.security.web.context.SecurityContextHolderFilter.doFilter(SecurityContextHolderFilter.java:82)
	at org.springframework.security.web.context.SecurityContextHolderFilter.doFilter(SecurityContextHolderFilter.java:69)
	at org.springframework.security.web.FilterChainProxy$VirtualFilterChain.doFilter(FilterChainProxy.java:374)
	at org.springframework.security.web.context.request.async.WebAsyncManagerIntegrationFilter.doFilterInternal(WebAsyncManagerIntegrationFilter.java:62)
	at org.springframework.web.filter.OncePerRequestFilter.doFilter(OncePerRequestFilter.java:116)
	at org.springframework.security.web.FilterChainProxy$VirtualFilterChain.doFilter(FilterChainProxy.java:374)
	at org.springframework.security.web.session.DisableEncodeUrlFilter.doFilterInternal(DisableEncodeUrlFilter.java:42)
	at org.springframework.web.filter.OncePerRequestFilter.doFilter(OncePerRequestFilter.java:116)
	at org.springframework.security.web.FilterChainProxy$VirtualFilterChain.doFilter(FilterChainProxy.java:374)
	at org.springframework.security.web.FilterChainProxy.doFilterInternal(FilterChainProxy.java:233)
	at org.springframework.security.web.FilterChainProxy.doFilter(FilterChainProxy.java:191)
	at org.springframework.web.filter.CompositeFilter$VirtualFilterChain.doFilter(CompositeFilter.java:113)
	at org.springframework.web.filter.ServletRequestPathFilter.doFilter(ServletRequestPathFilter.java:52)
	at org.springframework.web.filter.CompositeFilter$VirtualFilterChain.doFilter(CompositeFilter.java:113)
	at org.springframework.web.filter.CompositeFilter.doFilter(CompositeFilter.java:74)
	at org.springframework.security.config.annotation.web.configuration.WebSecurityConfiguration$CompositeFilterChainProxy.doFilter(WebSecurityConfiguration.java:319)
	at org.springframework.web.filter.CompositeFilter$VirtualFilterChain.doFilter(CompositeFilter.java:113)
	at org.springframework.web.servlet.handler.HandlerMappingIntrospector.lambda$createCacheFilter$4(HandlerMappingIntrospector.java:267)
	at org.springframework.web.filter.CompositeFilter$VirtualFilterChain.doFilter(CompositeFilter.java:113)
	at org.springframework.web.filter.CompositeFilter.doFilter(CompositeFilter.java:74)
	at org.springframework.security.config.annotation.web.configuration.WebMvcSecurityConfiguration$CompositeFilterChainProxy.doFilter(WebMvcSecurityConfiguration.java:240)
	at org.springframework.web.filter.DelegatingFilterProxy.invokeDelegate(DelegatingFilterProxy.java:362)
	at org.springframework.web.filter.DelegatingFilterProxy.doFilter(DelegatingFilterProxy.java:278)
	at org.apache.catalina.core.ApplicationFilterChain.internalDoFilter(ApplicationFilterChain.java:162)
	at org.apache.catalina.core.ApplicationFilterChain.doFilter(ApplicationFilterChain.java:138)
	at org.springframework.web.filter.RequestContextFilter.doFilterInternal(RequestContextFilter.java:100)
	at org.springframework.web.filter.OncePerRequestFilter.doFilter(OncePerRequestFilter.java:116)
	at org.apache.catalina.core.ApplicationFilterChain.internalDoFilter(ApplicationFilterChain.java:162)
	at org.apache.catalina.core.ApplicationFilterChain.doFilter(ApplicationFilterChain.java:138)
	at org.springframework.web.filter.FormContentFilter.doFilterInternal(FormContentFilter.java:93)
	at org.springframework.web.filter.OncePerRequestFilter.doFilter(OncePerRequestFilter.java:116)
	at org.apache.catalina.core.ApplicationFilterChain.internalDoFilter(ApplicationFilterChain.java:162)
	at org.apache.catalina.core.ApplicationFilterChain.doFilter(ApplicationFilterChain.java:138)
	at org.springframework.web.filter.CharacterEncodingFilter.doFilterInternal(CharacterEncodingFilter.java:201)
	at org.springframework.web.filter.OncePerRequestFilter.doFilter(OncePerRequestFilter.java:116)
	at org.apache.catalina.core.ApplicationFilterChain.internalDoFilter(ApplicationFilterChain.java:162)
	at org.apache.catalina.core.ApplicationFilterChain.doFilter(ApplicationFilterChain.java:138)
	at org.apache.catalina.core.StandardWrapperValve.invoke(StandardWrapperValve.java:165)
	at org.apache.catalina.core.StandardContextValve.invoke(StandardContextValve.java:88)
	at org.apache.catalina.authenticator.AuthenticatorBase.invoke(AuthenticatorBase.java:482)
	at org.apache.catalina.core.StandardHostValve.invoke(StandardHostValve.java:113)
	at org.apache.catalina.valves.ErrorReportValve.invoke(ErrorReportValve.java:83)
	at org.apache.catalina.core.StandardEngineValve.invoke(StandardEngineValve.java:72)
	at org.apache.catalina.connector.CoyoteAdapter.service(CoyoteAdapter.java:342)
	at org.apache.coyote.http11.Http11Processor.service(Http11Processor.java:399)
	at org.apache.coyote.AbstractProcessorLight.process(AbstractProcessorLight.java:63)
	at org.apache.coyote.AbstractProtocol$ConnectionHandler.process(AbstractProtocol.java:903)
	at org.apache.tomcat.util.net.NioEndpoint$SocketProcessor.doRun(NioEndpoint.java:1774)
	at org.apache.tomcat.util.net.SocketProcessorBase.run(SocketProcessorBase.java:52)
	at org.apache.tomcat.util.threads.ThreadPoolExecutor.runWorker(ThreadPoolExecutor.java:973)
	at org.apache.tomcat.util.threads.ThreadPoolExecutor$Worker.run(ThreadPoolExecutor.java:491)
	at org.apache.tomcat.util.threads.TaskThread$WrappingRunnable.run(TaskThread.java:63)
	at java.base/java.lang.Thread.run(Thread.java:1583)
2025-11-04T08:43:47.051+09:00 WARN  [http-nio-8080-exec-2] o.s.w.s.m.m.a.ExceptionHandlerExceptionResolver - Resolved [org.springframework.web.servlet.resource.NoResourceFoundException: No static resource js/common/client-logger.js.] viewId=7a9c38e9-c6ce-4e02-b4c6-af4f391cded5
2025-11-04T08:52:27.190+09:00 INFO  [RMI TCP Connection(16)-127.0.0.1] o.s.b.a.SpringApplicationAdminMXBeanRegistrar$SpringApplicationAdmin - Application shutdown requested. viewId=
2025-11-04T08:52:27.217+09:00 INFO  [RMI TCP Connection(16)-127.0.0.1] o.s.b.w.e.tomcat.GracefulShutdown - Commencing graceful shutdown. Waiting for active requests to complete viewId=
2025-11-04T08:52:27.222+09:00 INFO  [tomcat-shutdown] o.a.coyote.http11.Http11NioProtocol - Pausing ProtocolHandler ["http-nio-8080"] viewId=
2025-11-04T08:52:27.228+09:00 INFO  [tomcat-shutdown] o.s.b.w.e.tomcat.GracefulShutdown - Graceful shutdown complete viewId=
2025-11-04T08:52:27.230+09:00 INFO  [RMI TCP Connection(16)-127.0.0.1] o.a.coyote.http11.Http11NioProtocol - Stopping ProtocolHandler ["http-nio-8080"] viewId=
2025-11-04T08:52:27.247+09:00 INFO  [RMI TCP Connection(16)-127.0.0.1] o.s.o.j.LocalContainerEntityManagerFactoryBean - Closing JPA EntityManagerFactory for persistence unit 'default' viewId=
2025-11-04T08:52:27.258+09:00 INFO  [RMI TCP Connection(16)-127.0.0.1] com.zaxxer.hikari.HikariDataSource - HikariPool-1 - Shutdown initiated... viewId=
2025-11-04T08:52:27.263+09:00 INFO  [RMI TCP Connection(16)-127.0.0.1] com.zaxxer.hikari.HikariDataSource - HikariPool-1 - Shutdown completed. viewId=
2025-11-04T08:52:30.128+09:00 INFO  [restartedMain] c.j.SpringJavase11StudyApplication - Starting SpringJavase11StudyApplication using Java 21.0.8 with PID 1601 (/Applications/Eclipse_2023-12.app/Contents/workspace/JAVA_STUDY/spring_javase11_study/target/classes started by shu-kundeath in /Applications/Eclipse_2023-12.app/Contents/workspace/JAVA_STUDY/spring_javase11_study) viewId=
2025-11-04T08:52:30.130+09:00 INFO  [restartedMain] c.j.SpringJavase11StudyApplication - No active profile set, falling back to 1 default profile: "default" viewId=
2025-11-04T08:52:30.198+09:00 INFO  [restartedMain] o.s.b.d.e.DevToolsPropertyDefaultsPostProcessor - Devtools property defaults active! Set 'spring.devtools.add-properties' to 'false' to disable viewId=
2025-11-04T08:52:30.198+09:00 INFO  [restartedMain] o.s.b.d.e.DevToolsPropertyDefaultsPostProcessor - For additional web related logging consider setting the 'logging.level.web' property to 'DEBUG' viewId=
2025-11-04T08:52:31.268+09:00 INFO  [restartedMain] o.s.d.r.c.RepositoryConfigurationDelegate - Bootstrapping Spring Data JPA repositories in DEFAULT mode. viewId=
2025-11-04T08:52:31.411+09:00 INFO  [restartedMain] o.s.d.r.c.RepositoryConfigurationDelegate - Finished Spring Data repository scanning in 130 ms. Found 9 JPA repository interfaces. viewId=
2025-11-04T08:52:32.651+09:00 INFO  [restartedMain] o.s.b.w.e.tomcat.TomcatWebServer - Tomcat initialized with port 8080 (http) viewId=
2025-11-04T08:52:32.669+09:00 INFO  [restartedMain] o.a.coyote.http11.Http11NioProtocol - Initializing ProtocolHandler ["http-nio-8080"] viewId=
2025-11-04T08:52:32.671+09:00 INFO  [restartedMain] o.a.catalina.core.StandardService - Starting service [Tomcat] viewId=
2025-11-04T08:52:32.672+09:00 INFO  [restartedMain] o.a.catalina.core.StandardEngine - Starting Servlet engine: [Apache Tomcat/10.1.48] viewId=
2025-11-04T08:52:32.720+09:00 INFO  [restartedMain] o.a.c.c.C.[Tomcat].[localhost].[/] - Initializing Spring embedded WebApplicationContext viewId=
2025-11-04T08:52:32.721+09:00 INFO  [restartedMain] o.s.b.w.s.c.ServletWebServerApplicationContext - Root WebApplicationContext: initialization completed in 2520 ms viewId=
2025-11-04T08:52:33.416+09:00 INFO  [restartedMain] o.s.o.j.p.SpringPersistenceUnitInfo - No LoadTimeWeaver setup: ignoring JPA class transformer viewId=
2025-11-04T08:52:33.456+09:00 INFO  [restartedMain] com.zaxxer.hikari.HikariDataSource - HikariPool-1 - Starting... viewId=
2025-11-04T08:52:33.573+09:00 INFO  [restartedMain] com.zaxxer.hikari.pool.HikariPool - HikariPool-1 - Added connection org.postgresql.jdbc.PgConnection@59993f3d viewId=
2025-11-04T08:52:33.575+09:00 INFO  [restartedMain] com.zaxxer.hikari.HikariDataSource - HikariPool-1 - Start completed. viewId=
2025-11-04T08:52:34.752+09:00 INFO  [restartedMain] o.s.o.j.LocalContainerEntityManagerFactoryBean - Initialized JPA EntityManagerFactory for persistence unit 'default' viewId=
2025-11-04T08:52:35.071+09:00 INFO  [restartedMain] o.s.d.j.r.query.QueryEnhancerFactory - Hibernate is in classpath; If applicable, HQL parser will be used. viewId=
2025-11-04T08:52:37.428+09:00 WARN  [restartedMain] o.s.b.a.o.j.JpaBaseConfiguration$JpaWebConfiguration - spring.jpa.open-in-view is enabled by default. Therefore, database queries may be performed during view rendering. Explicitly configure spring.jpa.open-in-view to disable this warning viewId=
2025-11-04T08:52:37.787+09:00 INFO  [restartedMain] o.s.s.c.a.a.c.InitializeUserDetailsBeanManagerConfigurer$InitializeUserDetailsManagerConfigurer - Global AuthenticationManager configured with UserDetailsService bean with name myUserDetailsServiceImpl viewId=
2025-11-04T08:52:38.399+09:00 INFO  [restartedMain] o.s.b.d.a.OptionalLiveReloadServer - LiveReload server is running on port 35729 viewId=
2025-11-04T08:52:38.437+09:00 INFO  [restartedMain] o.a.coyote.http11.Http11NioProtocol - Starting ProtocolHandler ["http-nio-8080"] viewId=
2025-11-04T08:52:38.459+09:00 INFO  [restartedMain] o.s.b.w.e.tomcat.TomcatWebServer - Tomcat started on port 8080 (http) with context path '/' viewId=
2025-11-04T08:52:38.472+09:00 INFO  [restartedMain] c.j.SpringJavase11StudyApplication - Started SpringJavase11StudyApplication in 9.163 seconds (process running for 10.261) viewId=
2025-11-04T08:52:38.480+09:00 INFO  [restartedMain] c.j.config.logging.boot.BootLogging - APP_READY app=spring_javase11_study profiles= pid=1601@daishuuichirounoMacBook-Air.local jvm=21.0.8 dbUrl=jdbc:postgresql://localhost:5432/javase11_study viewId=
2025-11-04T08:53:01.673+09:00 INFO  [http-nio-8080-exec-1] o.a.c.c.C.[Tomcat].[localhost].[/] - Initializing Spring DispatcherServlet 'dispatcherServlet' viewId=
2025-11-04T08:53:01.673+09:00 INFO  [http-nio-8080-exec-1] o.s.web.servlet.DispatcherServlet - Initializing Servlet 'dispatcherServlet' viewId=
2025-11-04T08:53:01.676+09:00 INFO  [http-nio-8080-exec-1] o.s.web.servlet.DispatcherServlet - Completed initialization in 2 ms viewId=
2025-11-04T08:53:48.020+09:00 ERROR [http-nio-8080-exec-4] c.j.c.e.a.a.GlobalAppExceptionAdvice - EX_HANDLED code=SLM.A0 status=400 traceId=83811076-9cd6-47a3-9d1a-d1879207f5c4 viewId=0f517b52-551d-4eb3-8fde-70cd430554f2 viewId=0f517b52-551d-4eb3-8fde-70cd430554f2
com.login.components.authority.api.exception.MyAuthorityException: authorityId is blank
	at com.login.components.authority.internal.MyAuthorityIdBridge.toEntityId(MyAuthorityIdBridge.java:21)
	at com.login.components.authority.internal.MyAuthorityServiceImpl.toEntity(MyAuthorityServiceImpl.java:249)
	at com.login.components.authority.internal.MyAuthorityServiceImpl.create(MyAuthorityServiceImpl.java:163)
	at java.base/jdk.internal.reflect.DirectMethodHandleAccessor.invoke(DirectMethodHandleAccessor.java:103)
	at java.base/java.lang.reflect.Method.invoke(Method.java:580)
	at org.springframework.aop.support.AopUtils.invokeJoinpointUsingReflection(AopUtils.java:360)
	at org.springframework.aop.framework.ReflectiveMethodInvocation.invokeJoinpoint(ReflectiveMethodInvocation.java:196)
	at org.springframework.aop.framework.ReflectiveMethodInvocation.proceed(ReflectiveMethodInvocation.java:163)
	at org.springframework.aop.aspectj.MethodInvocationProceedingJoinPoint.proceed(MethodInvocationProceedingJoinPoint.java:89)
	at com.javastudy.config.logging.service.ServicePerfAspect.time(ServicePerfAspect.java:47)
	at java.base/jdk.internal.reflect.DirectMethodHandleAccessor.invoke(DirectMethodHandleAccessor.java:103)
	at java.base/java.lang.reflect.Method.invoke(Method.java:580)
	at org.springframework.aop.aspectj.AbstractAspectJAdvice.invokeAdviceMethodWithGivenArgs(AbstractAspectJAdvice.java:649)
	at org.springframework.aop.aspectj.AbstractAspectJAdvice.invokeAdviceMethod(AbstractAspectJAdvice.java:631)
	at org.springframework.aop.aspectj.AspectJAroundAdvice.invoke(AspectJAroundAdvice.java:71)
	at org.springframework.aop.framework.ReflectiveMethodInvocation.proceed(ReflectiveMethodInvocation.java:184)
	at org.springframework.transaction.interceptor.TransactionAspectSupport.invokeWithinTransaction(TransactionAspectSupport.java:380)
	at org.springframework.transaction.interceptor.TransactionInterceptor.invoke(TransactionInterceptor.java:119)
	at org.springframework.aop.framework.ReflectiveMethodInvocation.proceed(ReflectiveMethodInvocation.java:184)
	at org.springframework.aop.interceptor.ExposeInvocationInterceptor.invoke(ExposeInvocationInterceptor.java:97)
	at org.springframework.aop.framework.ReflectiveMethodInvocation.proceed(ReflectiveMethodInvocation.java:184)
	at org.springframework.aop.framework.CglibAopProxy$DynamicAdvisedInterceptor.intercept(CglibAopProxy.java:728)
	at com.login.components.authority.internal.MyAuthorityServiceImpl$$SpringCGLIB$$0.create(<generated>)
	at com.javastudy.components.authority.internal.AuthorityServiceImpl.create(AuthorityServiceImpl.java:136)
	at java.base/jdk.internal.reflect.DirectMethodHandleAccessor.invoke(DirectMethodHandleAccessor.java:103)
	at java.base/java.lang.reflect.Method.invoke(Method.java:580)
	at org.springframework.aop.support.AopUtils.invokeJoinpointUsingReflection(AopUtils.java:360)
	at org.springframework.aop.framework.ReflectiveMethodInvocation.invokeJoinpoint(ReflectiveMethodInvocation.java:196)
	at org.springframework.aop.framework.ReflectiveMethodInvocation.proceed(ReflectiveMethodInvocation.java:163)
	at org.springframework.aop.aspectj.MethodInvocationProceedingJoinPoint.proceed(MethodInvocationProceedingJoinPoint.java:89)
	at com.javastudy.config.logging.service.ServicePerfAspect.time(ServicePerfAspect.java:47)
	at java.base/jdk.internal.reflect.DirectMethodHandleAccessor.invoke(DirectMethodHandleAccessor.java:103)
	at java.base/java.lang.reflect.Method.invoke(Method.java:580)
	at org.springframework.aop.aspectj.AbstractAspectJAdvice.invokeAdviceMethodWithGivenArgs(AbstractAspectJAdvice.java:649)
	at org.springframework.aop.aspectj.AbstractAspectJAdvice.invokeAdviceMethod(AbstractAspectJAdvice.java:631)
	at org.springframework.aop.aspectj.AspectJAroundAdvice.invoke(AspectJAroundAdvice.java:71)
	at org.springframework.aop.framework.ReflectiveMethodInvocation.proceed(ReflectiveMethodInvocation.java:184)
	at org.springframework.transaction.interceptor.TransactionAspectSupport.invokeWithinTransaction(TransactionAspectSupport.java:380)
	at org.springframework.transaction.interceptor.TransactionInterceptor.invoke(TransactionInterceptor.java:119)
	at org.springframework.aop.framework.ReflectiveMethodInvocation.proceed(ReflectiveMethodInvocation.java:184)
	at org.springframework.aop.interceptor.ExposeInvocationInterceptor.invoke(ExposeInvocationInterceptor.java:97)
	at org.springframework.aop.framework.ReflectiveMethodInvocation.proceed(ReflectiveMethodInvocation.java:184)
	at org.springframework.aop.framework.CglibAopProxy$DynamicAdvisedInterceptor.intercept(CglibAopProxy.java:728)
	at com.javastudy.components.authority.internal.AuthorityServiceImpl$$SpringCGLIB$$0.create(<generated>)
	at com.javastudy.components.authority.internal.ADMIN_AuthorityController.postInsert(ADMIN_AuthorityController.java:76)
	at java.base/jdk.internal.reflect.DirectMethodHandleAccessor.invoke(DirectMethodHandleAccessor.java:103)
	at java.base/java.lang.reflect.Method.invoke(Method.java:580)
	at org.springframework.aop.support.AopUtils.invokeJoinpointUsingReflection(AopUtils.java:360)
	at org.springframework.aop.framework.ReflectiveMethodInvocation.invokeJoinpoint(ReflectiveMethodInvocation.java:196)
	at org.springframework.aop.framework.ReflectiveMethodInvocation.proceed(ReflectiveMethodInvocation.java:163)
	at org.springframework.transaction.interceptor.TransactionAspectSupport.invokeWithinTransaction(TransactionAspectSupport.java:380)
	at org.springframework.transaction.interceptor.TransactionInterceptor.invoke(TransactionInterceptor.java:119)
	at org.springframework.aop.framework.ReflectiveMethodInvocation.proceed(ReflectiveMethodInvocation.java:184)
	at org.springframework.aop.framework.CglibAopProxy$DynamicAdvisedInterceptor.intercept(CglibAopProxy.java:728)
	at com.javastudy.components.authority.internal.ADMIN_AuthorityController$$SpringCGLIB$$0.postInsert(<generated>)
	at java.base/jdk.internal.reflect.DirectMethodHandleAccessor.invoke(DirectMethodHandleAccessor.java:103)
	at java.base/java.lang.reflect.Method.invoke(Method.java:580)
	at org.springframework.web.method.support.InvocableHandlerMethod.doInvoke(InvocableHandlerMethod.java:258)
	at org.springframework.web.method.support.InvocableHandlerMethod.invokeForRequest(InvocableHandlerMethod.java:191)
	at org.springframework.web.servlet.mvc.method.annotation.ServletInvocableHandlerMethod.invokeAndHandle(ServletInvocableHandlerMethod.java:118)
	at org.springframework.web.servlet.mvc.method.annotation.RequestMappingHandlerAdapter.invokeHandlerMethod(RequestMappingHandlerAdapter.java:991)
	at org.springframework.web.servlet.mvc.method.annotation.RequestMappingHandlerAdapter.handleInternal(RequestMappingHandlerAdapter.java:896)
	at org.springframework.web.servlet.mvc.method.AbstractHandlerMethodAdapter.handle(AbstractHandlerMethodAdapter.java:87)
	at org.springframework.web.servlet.DispatcherServlet.doDispatch(DispatcherServlet.java:1089)
	at org.springframework.web.servlet.DispatcherServlet.doService(DispatcherServlet.java:979)
	at org.springframework.web.servlet.FrameworkServlet.processRequest(FrameworkServlet.java:1014)
	at org.springframework.web.servlet.FrameworkServlet.doPost(FrameworkServlet.java:914)
	at jakarta.servlet.http.HttpServlet.service(HttpServlet.java:590)
	at org.springframework.web.servlet.FrameworkServlet.service(FrameworkServlet.java:885)
	at jakarta.servlet.http.HttpServlet.service(HttpServlet.java:658)
	at org.apache.catalina.core.ApplicationFilterChain.internalDoFilter(ApplicationFilterChain.java:193)
	at org.apache.catalina.core.ApplicationFilterChain.doFilter(ApplicationFilterChain.java:138)
	at org.apache.tomcat.websocket.server.WsFilter.doFilter(WsFilter.java:51)
	at org.apache.catalina.core.ApplicationFilterChain.internalDoFilter(ApplicationFilterChain.java:162)
	at org.apache.catalina.core.ApplicationFilterChain.doFilter(ApplicationFilterChain.java:138)
	at org.springframework.web.filter.CompositeFilter$VirtualFilterChain.doFilter(CompositeFilter.java:108)
	at org.springframework.web.filter.CompositeFilter$VirtualFilterChain.doFilter(CompositeFilter.java:108)
	at org.springframework.security.web.FilterChainProxy.lambda$doFilterInternal$3(FilterChainProxy.java:231)
	at org.springframework.security.web.FilterChainProxy$VirtualFilterChain.doFilter(FilterChainProxy.java:365)
	at org.springframework.security.web.access.intercept.AuthorizationFilter.doFilter(AuthorizationFilter.java:101)
	at org.springframework.security.web.FilterChainProxy$VirtualFilterChain.doFilter(FilterChainProxy.java:374)
	at org.springframework.security.web.access.ExceptionTranslationFilter.doFilter(ExceptionTranslationFilter.java:125)
	at org.springframework.security.web.access.ExceptionTranslationFilter.doFilter(ExceptionTranslationFilter.java:119)
	at org.springframework.security.web.FilterChainProxy$VirtualFilterChain.doFilter(FilterChainProxy.java:374)
	at org.springframework.security.web.authentication.AnonymousAuthenticationFilter.doFilter(AnonymousAuthenticationFilter.java:100)
	at org.springframework.security.web.FilterChainProxy$VirtualFilterChain.doFilter(FilterChainProxy.java:374)
	at org.springframework.security.web.servletapi.SecurityContextHolderAwareRequestFilter.doFilter(SecurityContextHolderAwareRequestFilter.java:179)
	at org.springframework.security.web.FilterChainProxy$VirtualFilterChain.doFilter(FilterChainProxy.java:374)
	at org.springframework.security.web.savedrequest.RequestCacheAwareFilter.doFilter(RequestCacheAwareFilter.java:63)
	at org.springframework.security.web.FilterChainProxy$VirtualFilterChain.doFilter(FilterChainProxy.java:374)
	at org.springframework.security.web.authentication.AbstractAuthenticationProcessingFilter.doFilter(AbstractAuthenticationProcessingFilter.java:235)
	at org.springframework.security.web.authentication.AbstractAuthenticationProcessingFilter.doFilter(AbstractAuthenticationProcessingFilter.java:229)
	at org.springframework.security.web.FilterChainProxy$VirtualFilterChain.doFilter(FilterChainProxy.java:374)
	at org.springframework.security.web.authentication.logout.LogoutFilter.doFilter(LogoutFilter.java:107)
	at org.springframework.security.web.authentication.logout.LogoutFilter.doFilter(LogoutFilter.java:93)
	at org.springframework.security.web.FilterChainProxy$VirtualFilterChain.doFilter(FilterChainProxy.java:374)
	at org.springframework.security.web.csrf.CsrfFilter.doFilterInternal(CsrfFilter.java:134)
	at org.springframework.web.filter.OncePerRequestFilter.doFilter(OncePerRequestFilter.java:116)
	at org.springframework.security.web.FilterChainProxy$VirtualFilterChain.doFilter(FilterChainProxy.java:374)
	at org.springframework.security.web.header.HeaderWriterFilter.doHeadersAfter(HeaderWriterFilter.java:90)
	at org.springframework.security.web.header.HeaderWriterFilter.doFilterInternal(HeaderWriterFilter.java:75)
	at org.springframework.web.filter.OncePerRequestFilter.doFilter(OncePerRequestFilter.java:116)
	at org.springframework.security.web.FilterChainProxy$VirtualFilterChain.doFilter(FilterChainProxy.java:374)
	at org.springframework.security.web.context.SecurityContextHolderFilter.doFilter(SecurityContextHolderFilter.java:82)
	at org.springframework.security.web.context.SecurityContextHolderFilter.doFilter(SecurityContextHolderFilter.java:69)
	at org.springframework.security.web.FilterChainProxy$VirtualFilterChain.doFilter(FilterChainProxy.java:374)
	at org.springframework.security.web.context.request.async.WebAsyncManagerIntegrationFilter.doFilterInternal(WebAsyncManagerIntegrationFilter.java:62)
	at org.springframework.web.filter.OncePerRequestFilter.doFilter(OncePerRequestFilter.java:116)
	at org.springframework.security.web.FilterChainProxy$VirtualFilterChain.doFilter(FilterChainProxy.java:374)
	at org.springframework.security.web.session.DisableEncodeUrlFilter.doFilterInternal(DisableEncodeUrlFilter.java:42)
	at org.springframework.web.filter.OncePerRequestFilter.doFilter(OncePerRequestFilter.java:116)
	at org.springframework.security.web.FilterChainProxy$VirtualFilterChain.doFilter(FilterChainProxy.java:374)
	at org.springframework.security.web.FilterChainProxy.doFilterInternal(FilterChainProxy.java:233)
	at org.springframework.security.web.FilterChainProxy.doFilter(FilterChainProxy.java:191)
	at org.springframework.web.filter.CompositeFilter$VirtualFilterChain.doFilter(CompositeFilter.java:113)
	at org.springframework.web.filter.ServletRequestPathFilter.doFilter(ServletRequestPathFilter.java:52)
	at org.springframework.web.filter.CompositeFilter$VirtualFilterChain.doFilter(CompositeFilter.java:113)
	at org.springframework.web.filter.CompositeFilter.doFilter(CompositeFilter.java:74)
	at org.springframework.security.config.annotation.web.configuration.WebSecurityConfiguration$CompositeFilterChainProxy.doFilter(WebSecurityConfiguration.java:319)
	at org.springframework.web.filter.CompositeFilter$VirtualFilterChain.doFilter(CompositeFilter.java:113)
	at org.springframework.web.servlet.handler.HandlerMappingIntrospector.lambda$createCacheFilter$4(HandlerMappingIntrospector.java:267)
	at org.springframework.web.filter.CompositeFilter$VirtualFilterChain.doFilter(CompositeFilter.java:113)
	at org.springframework.web.filter.CompositeFilter.doFilter(CompositeFilter.java:74)
	at org.springframework.security.config.annotation.web.configuration.WebMvcSecurityConfiguration$CompositeFilterChainProxy.doFilter(WebMvcSecurityConfiguration.java:240)
	at org.springframework.web.filter.DelegatingFilterProxy.invokeDelegate(DelegatingFilterProxy.java:362)
	at org.springframework.web.filter.DelegatingFilterProxy.doFilter(DelegatingFilterProxy.java:278)
	at org.apache.catalina.core.ApplicationFilterChain.internalDoFilter(ApplicationFilterChain.java:162)
	at org.apache.catalina.core.ApplicationFilterChain.doFilter(ApplicationFilterChain.java:138)
	at org.springframework.web.filter.RequestContextFilter.doFilterInternal(RequestContextFilter.java:100)
	at org.springframework.web.filter.OncePerRequestFilter.doFilter(OncePerRequestFilter.java:116)
	at org.apache.catalina.core.ApplicationFilterChain.internalDoFilter(ApplicationFilterChain.java:162)
	at org.apache.catalina.core.ApplicationFilterChain.doFilter(ApplicationFilterChain.java:138)
	at org.springframework.web.filter.FormContentFilter.doFilterInternal(FormContentFilter.java:93)
	at org.springframework.web.filter.OncePerRequestFilter.doFilter(OncePerRequestFilter.java:116)
	at org.apache.catalina.core.ApplicationFilterChain.internalDoFilter(ApplicationFilterChain.java:162)
	at org.apache.catalina.core.ApplicationFilterChain.doFilter(ApplicationFilterChain.java:138)
	at org.springframework.web.filter.CharacterEncodingFilter.doFilterInternal(CharacterEncodingFilter.java:201)
	at org.springframework.web.filter.OncePerRequestFilter.doFilter(OncePerRequestFilter.java:116)
	at org.apache.catalina.core.ApplicationFilterChain.internalDoFilter(ApplicationFilterChain.java:162)
	at org.apache.catalina.core.ApplicationFilterChain.doFilter(ApplicationFilterChain.java:138)
	at org.apache.catalina.core.StandardWrapperValve.invoke(StandardWrapperValve.java:165)
	at org.apache.catalina.core.StandardContextValve.invoke(StandardContextValve.java:88)
	at org.apache.catalina.authenticator.AuthenticatorBase.invoke(AuthenticatorBase.java:482)
	at org.apache.catalina.core.StandardHostValve.invoke(StandardHostValve.java:113)
	at org.apache.catalina.valves.ErrorReportValve.invoke(ErrorReportValve.java:83)
	at org.apache.catalina.core.StandardEngineValve.invoke(StandardEngineValve.java:72)
	at org.apache.catalina.connector.CoyoteAdapter.service(CoyoteAdapter.java:342)
	at org.apache.coyote.http11.Http11Processor.service(Http11Processor.java:399)
	at org.apache.coyote.AbstractProcessorLight.process(AbstractProcessorLight.java:63)
	at org.apache.coyote.AbstractProtocol$ConnectionHandler.process(AbstractProtocol.java:903)
	at org.apache.tomcat.util.net.NioEndpoint$SocketProcessor.doRun(NioEndpoint.java:1774)
	at org.apache.tomcat.util.net.SocketProcessorBase.run(SocketProcessorBase.java:52)
	at org.apache.tomcat.util.threads.ThreadPoolExecutor.runWorker(ThreadPoolExecutor.java:973)
	at org.apache.tomcat.util.threads.ThreadPoolExecutor$Worker.run(ThreadPoolExecutor.java:491)
	at org.apache.tomcat.util.threads.TaskThread$WrappingRunnable.run(TaskThread.java:63)
	at java.base/java.lang.Thread.run(Thread.java:1583)
2025-11-04T08:53:48.025+09:00 WARN  [http-nio-8080-exec-4] o.s.w.s.m.m.a.ExceptionHandlerExceptionResolver - Resolved [MyAuthorityException{errorCode=SLM.A0, httpStatus=BAD_REQUEST, userCode=6DCC8230}] viewId=0f517b52-551d-4eb3-8fde-70cd430554f2
2025-11-04T09:07:23.513+09:00 INFO  [File Watcher] o.s.b.d.a.LocalDevToolsAutoConfiguration$RestartingClassPathChangeChangedEventListener - Restarting due to 4 class path changes (0 additions, 0 deletions, 4 modifications) viewId=
2025-11-04T09:07:23.521+09:00 INFO  [Thread-5] o.s.b.w.e.tomcat.GracefulShutdown - Commencing graceful shutdown. Waiting for active requests to complete viewId=
2025-11-04T09:07:23.524+09:00 INFO  [tomcat-shutdown] o.a.coyote.http11.Http11NioProtocol - Pausing ProtocolHandler ["http-nio-8080"] viewId=
2025-11-04T09:07:23.531+09:00 INFO  [tomcat-shutdown] o.s.b.w.e.tomcat.GracefulShutdown - Graceful shutdown complete viewId=
2025-11-04T09:07:23.532+09:00 INFO  [Thread-5] o.a.coyote.http11.Http11NioProtocol - Stopping ProtocolHandler ["http-nio-8080"] viewId=
2025-11-04T09:07:23.552+09:00 INFO  [Thread-5] o.s.o.j.LocalContainerEntityManagerFactoryBean - Closing JPA EntityManagerFactory for persistence unit 'default' viewId=
2025-11-04T09:07:23.559+09:00 INFO  [Thread-5] com.zaxxer.hikari.HikariDataSource - HikariPool-1 - Shutdown initiated... viewId=
2025-11-04T09:07:23.563+09:00 INFO  [Thread-5] com.zaxxer.hikari.HikariDataSource - HikariPool-1 - Shutdown completed. viewId=
2025-11-04T09:07:23.811+09:00 INFO  [restartedMain] c.j.SpringJavase11StudyApplication - Starting SpringJavase11StudyApplication using Java 21.0.8 with PID 1601 (/Applications/Eclipse_2023-12.app/Contents/workspace/JAVA_STUDY/spring_javase11_study/target/classes started by shu-kundeath in /Applications/Eclipse_2023-12.app/Contents/workspace/JAVA_STUDY/spring_javase11_study) viewId=
2025-11-04T09:07:23.811+09:00 INFO  [restartedMain] c.j.SpringJavase11StudyApplication - No active profile set, falling back to 1 default profile: "default" viewId=
2025-11-04T09:07:24.460+09:00 INFO  [restartedMain] o.s.d.r.c.RepositoryConfigurationDelegate - Bootstrapping Spring Data JPA repositories in DEFAULT mode. viewId=
2025-11-04T09:07:24.587+09:00 INFO  [restartedMain] o.s.d.r.c.RepositoryConfigurationDelegate - Finished Spring Data repository scanning in 124 ms. Found 9 JPA repository interfaces. viewId=
2025-11-04T09:07:25.124+09:00 INFO  [restartedMain] o.s.b.w.e.tomcat.TomcatWebServer - Tomcat initialized with port 8080 (http) viewId=
2025-11-04T09:07:25.130+09:00 INFO  [restartedMain] o.a.coyote.http11.Http11NioProtocol - Initializing ProtocolHandler ["http-nio-8080"] viewId=
2025-11-04T09:07:25.130+09:00 INFO  [restartedMain] o.a.catalina.core.StandardService - Starting service [Tomcat] viewId=
2025-11-04T09:07:25.131+09:00 INFO  [restartedMain] o.a.catalina.core.StandardEngine - Starting Servlet engine: [Apache Tomcat/10.1.48] viewId=
2025-11-04T09:07:25.157+09:00 INFO  [restartedMain] o.a.c.c.C.[Tomcat].[localhost].[/] - Initializing Spring embedded WebApplicationContext viewId=
2025-11-04T09:07:25.157+09:00 INFO  [restartedMain] o.s.b.w.s.c.ServletWebServerApplicationContext - Root WebApplicationContext: initialization completed in 1340 ms viewId=
2025-11-04T09:07:25.269+09:00 WARN  [restartedMain] o.a.c.c.C.[Tomcat].[localhost].[/] - Cannot deserialize session attribute [SPRING_SECURITY_CONTEXT] for session [D66F6C5809B51ED5172E5E5DBDC1D0F6] viewId=
2025-11-04T09:07:25.579+09:00 INFO  [restartedMain] o.s.o.j.p.SpringPersistenceUnitInfo - No LoadTimeWeaver setup: ignoring JPA class transformer viewId=
2025-11-04T09:07:25.582+09:00 INFO  [restartedMain] com.zaxxer.hikari.HikariDataSource - HikariPool-2 - Starting... viewId=
2025-11-04T09:07:25.599+09:00 INFO  [restartedMain] com.zaxxer.hikari.pool.HikariPool - HikariPool-2 - Added connection org.postgresql.jdbc.PgConnection@9426528 viewId=
2025-11-04T09:07:25.600+09:00 INFO  [restartedMain] com.zaxxer.hikari.HikariDataSource - HikariPool-2 - Start completed. viewId=
2025-11-04T09:07:25.957+09:00 INFO  [restartedMain] o.s.o.j.LocalContainerEntityManagerFactoryBean - Initialized JPA EntityManagerFactory for persistence unit 'default' viewId=
2025-11-04T09:07:26.880+09:00 WARN  [restartedMain] o.s.b.a.o.j.JpaBaseConfiguration$JpaWebConfiguration - spring.jpa.open-in-view is enabled by default. Therefore, database queries may be performed during view rendering. Explicitly configure spring.jpa.open-in-view to disable this warning viewId=
2025-11-04T09:07:27.123+09:00 INFO  [restartedMain] o.s.s.c.a.a.c.InitializeUserDetailsBeanManagerConfigurer$InitializeUserDetailsManagerConfigurer - Global AuthenticationManager configured with UserDetailsService bean with name myUserDetailsServiceImpl viewId=
2025-11-04T09:07:27.549+09:00 INFO  [restartedMain] o.s.b.d.a.OptionalLiveReloadServer - LiveReload server is running on port 35729 viewId=
2025-11-04T09:07:27.576+09:00 INFO  [restartedMain] o.a.coyote.http11.Http11NioProtocol - Starting ProtocolHandler ["http-nio-8080"] viewId=
2025-11-04T09:07:27.580+09:00 INFO  [restartedMain] o.s.b.w.e.tomcat.TomcatWebServer - Tomcat started on port 8080 (http) with context path '/' viewId=
2025-11-04T09:07:27.586+09:00 INFO  [restartedMain] c.j.SpringJavase11StudyApplication - Started SpringJavase11StudyApplication in 3.858 seconds (process running for 899.315) viewId=
2025-11-04T09:07:27.589+09:00 INFO  [restartedMain] o.s.b.d.a.ConditionEvaluationDeltaLoggingListener - Condition evaluation unchanged viewId=
2025-11-04T09:07:27.594+09:00 INFO  [restartedMain] c.j.config.logging.boot.BootLogging - APP_READY app=spring_javase11_study profiles= pid=1601@daishuuichirounoMacBook-Air.local jvm=21.0.8 dbUrl=jdbc:postgresql://localhost:5432/javase11_study viewId=
2025-11-04T09:07:43.843+09:00 INFO  [File Watcher] o.s.b.d.a.LocalDevToolsAutoConfiguration$RestartingClassPathChangeChangedEventListener - Restarting due to 4 class path changes (0 additions, 0 deletions, 4 modifications) viewId=
2025-11-04T09:07:43.847+09:00 INFO  [Thread-7] o.s.b.w.e.tomcat.GracefulShutdown - Commencing graceful shutdown. Waiting for active requests to complete viewId=
2025-11-04T09:07:43.848+09:00 INFO  [tomcat-shutdown] o.a.coyote.http11.Http11NioProtocol - Pausing ProtocolHandler ["http-nio-8080"] viewId=
2025-11-04T09:07:43.853+09:00 INFO  [tomcat-shutdown] o.s.b.w.e.tomcat.GracefulShutdown - Graceful shutdown complete viewId=
2025-11-04T09:07:43.854+09:00 INFO  [Thread-7] o.a.coyote.http11.Http11NioProtocol - Stopping ProtocolHandler ["http-nio-8080"] viewId=
2025-11-04T09:07:43.860+09:00 INFO  [Thread-7] o.s.o.j.LocalContainerEntityManagerFactoryBean - Closing JPA EntityManagerFactory for persistence unit 'default' viewId=
2025-11-04T09:07:43.861+09:00 INFO  [Thread-7] com.zaxxer.hikari.HikariDataSource - HikariPool-2 - Shutdown initiated... viewId=
2025-11-04T09:07:43.863+09:00 INFO  [Thread-7] com.zaxxer.hikari.HikariDataSource - HikariPool-2 - Shutdown completed. viewId=
2025-11-04T09:07:44.031+09:00 INFO  [restartedMain] c.j.SpringJavase11StudyApplication - Starting SpringJavase11StudyApplication using Java 21.0.8 with PID 1601 (/Applications/Eclipse_2023-12.app/Contents/workspace/JAVA_STUDY/spring_javase11_study/target/classes started by shu-kundeath in /Applications/Eclipse_2023-12.app/Contents/workspace/JAVA_STUDY/spring_javase11_study) viewId=
2025-11-04T09:07:44.032+09:00 INFO  [restartedMain] c.j.SpringJavase11StudyApplication - No active profile set, falling back to 1 default profile: "default" viewId=
2025-11-04T09:07:44.431+09:00 INFO  [restartedMain] o.s.d.r.c.RepositoryConfigurationDelegate - Bootstrapping Spring Data JPA repositories in DEFAULT mode. viewId=
2025-11-04T09:07:44.489+09:00 INFO  [restartedMain] o.s.d.r.c.RepositoryConfigurationDelegate - Finished Spring Data repository scanning in 56 ms. Found 9 JPA repository interfaces. viewId=
2025-11-04T09:07:44.716+09:00 INFO  [restartedMain] o.s.b.w.e.tomcat.TomcatWebServer - Tomcat initialized with port 8080 (http) viewId=
2025-11-04T09:07:44.717+09:00 INFO  [restartedMain] o.a.coyote.http11.Http11NioProtocol - Initializing ProtocolHandler ["http-nio-8080"] viewId=
2025-11-04T09:07:44.718+09:00 INFO  [restartedMain] o.a.catalina.core.StandardService - Starting service [Tomcat] viewId=
2025-11-04T09:07:44.718+09:00 INFO  [restartedMain] o.a.catalina.core.StandardEngine - Starting Servlet engine: [Apache Tomcat/10.1.48] viewId=
2025-11-04T09:07:44.732+09:00 INFO  [restartedMain] o.a.c.c.C.[Tomcat].[localhost].[/] - Initializing Spring embedded WebApplicationContext viewId=
2025-11-04T09:07:44.732+09:00 INFO  [restartedMain] o.s.b.w.s.c.ServletWebServerApplicationContext - Root WebApplicationContext: initialization completed in 698 ms viewId=
2025-11-04T09:07:44.881+09:00 INFO  [restartedMain] o.s.o.j.p.SpringPersistenceUnitInfo - No LoadTimeWeaver setup: ignoring JPA class transformer viewId=
2025-11-04T09:07:44.883+09:00 INFO  [restartedMain] com.zaxxer.hikari.HikariDataSource - HikariPool-3 - Starting... viewId=
2025-11-04T09:07:44.896+09:00 INFO  [restartedMain] com.zaxxer.hikari.pool.HikariPool - HikariPool-3 - Added connection org.postgresql.jdbc.PgConnection@e739369 viewId=
2025-11-04T09:07:44.896+09:00 INFO  [restartedMain] com.zaxxer.hikari.HikariDataSource - HikariPool-3 - Start completed. viewId=
2025-11-04T09:07:45.046+09:00 INFO  [restartedMain] o.s.o.j.LocalContainerEntityManagerFactoryBean - Initialized JPA EntityManagerFactory for persistence unit 'default' viewId=
2025-11-04T09:07:45.663+09:00 WARN  [restartedMain] o.s.b.a.o.j.JpaBaseConfiguration$JpaWebConfiguration - spring.jpa.open-in-view is enabled by default. Therefore, database queries may be performed during view rendering. Explicitly configure spring.jpa.open-in-view to disable this warning viewId=
2025-11-04T09:07:45.834+09:00 INFO  [restartedMain] o.s.s.c.a.a.c.InitializeUserDetailsBeanManagerConfigurer$InitializeUserDetailsManagerConfigurer - Global AuthenticationManager configured with UserDetailsService bean with name myUserDetailsServiceImpl viewId=
2025-11-04T09:07:46.127+09:00 INFO  [restartedMain] o.s.b.d.a.OptionalLiveReloadServer - LiveReload server is running on port 35729 viewId=
2025-11-04T09:07:46.146+09:00 INFO  [restartedMain] o.a.coyote.http11.Http11NioProtocol - Starting ProtocolHandler ["http-nio-8080"] viewId=
2025-11-04T09:07:46.149+09:00 INFO  [restartedMain] o.s.b.w.e.tomcat.TomcatWebServer - Tomcat started on port 8080 (http) with context path '/' viewId=
2025-11-04T09:07:46.153+09:00 INFO  [restartedMain] c.j.SpringJavase11StudyApplication - Started SpringJavase11StudyApplication in 2.165 seconds (process running for 917.88) viewId=
2025-11-04T09:07:46.155+09:00 INFO  [restartedMain] o.s.b.d.a.ConditionEvaluationDeltaLoggingListener - Condition evaluation unchanged viewId=
2025-11-04T09:07:46.158+09:00 INFO  [restartedMain] c.j.config.logging.boot.BootLogging - APP_READY app=spring_javase11_study profiles= pid=1601@daishuuichirounoMacBook-Air.local jvm=21.0.8 dbUrl=jdbc:postgresql://localhost:5432/javase11_study viewId=
2025-11-04T09:07:53.944+09:00 INFO  [File Watcher] o.s.b.d.a.LocalDevToolsAutoConfiguration$RestartingClassPathChangeChangedEventListener - Restarting due to 1 class path change (0 additions, 0 deletions, 1 modification) viewId=
2025-11-04T09:07:53.947+09:00 INFO  [Thread-11] o.s.b.w.e.tomcat.GracefulShutdown - Commencing graceful shutdown. Waiting for active requests to complete viewId=
2025-11-04T09:07:53.949+09:00 INFO  [tomcat-shutdown] o.a.coyote.http11.Http11NioProtocol - Pausing ProtocolHandler ["http-nio-8080"] viewId=
2025-11-04T09:07:53.953+09:00 INFO  [tomcat-shutdown] o.s.b.w.e.tomcat.GracefulShutdown - Graceful shutdown complete viewId=
2025-11-04T09:07:53.954+09:00 INFO  [Thread-11] o.a.coyote.http11.Http11NioProtocol - Stopping ProtocolHandler ["http-nio-8080"] viewId=
2025-11-04T09:07:53.960+09:00 INFO  [Thread-11] o.s.o.j.LocalContainerEntityManagerFactoryBean - Closing JPA EntityManagerFactory for persistence unit 'default' viewId=
2025-11-04T09:07:53.961+09:00 INFO  [Thread-11] com.zaxxer.hikari.HikariDataSource - HikariPool-3 - Shutdown initiated... viewId=
2025-11-04T09:07:53.963+09:00 INFO  [Thread-11] com.zaxxer.hikari.HikariDataSource - HikariPool-3 - Shutdown completed. viewId=
2025-11-04T09:07:54.130+09:00 INFO  [restartedMain] c.j.SpringJavase11StudyApplication - Starting SpringJavase11StudyApplication using Java 21.0.8 with PID 1601 (/Applications/Eclipse_2023-12.app/Contents/workspace/JAVA_STUDY/spring_javase11_study/target/classes started by shu-kundeath in /Applications/Eclipse_2023-12.app/Contents/workspace/JAVA_STUDY/spring_javase11_study) viewId=
2025-11-04T09:07:54.131+09:00 INFO  [restartedMain] c.j.SpringJavase11StudyApplication - No active profile set, falling back to 1 default profile: "default" viewId=
2025-11-04T09:07:54.417+09:00 INFO  [restartedMain] o.s.d.r.c.RepositoryConfigurationDelegate - Bootstrapping Spring Data JPA repositories in DEFAULT mode. viewId=
2025-11-04T09:07:54.474+09:00 INFO  [restartedMain] o.s.d.r.c.RepositoryConfigurationDelegate - Finished Spring Data repository scanning in 55 ms. Found 9 JPA repository interfaces. viewId=
2025-11-04T09:07:54.714+09:00 INFO  [restartedMain] o.s.b.w.e.tomcat.TomcatWebServer - Tomcat initialized with port 8080 (http) viewId=
2025-11-04T09:07:54.715+09:00 INFO  [restartedMain] o.a.coyote.http11.Http11NioProtocol - Initializing ProtocolHandler ["http-nio-8080"] viewId=
2025-11-04T09:07:54.716+09:00 INFO  [restartedMain] o.a.catalina.core.StandardService - Starting service [Tomcat] viewId=
2025-11-04T09:07:54.716+09:00 INFO  [restartedMain] o.a.catalina.core.StandardEngine - Starting Servlet engine: [Apache Tomcat/10.1.48] viewId=
2025-11-04T09:07:54.727+09:00 INFO  [restartedMain] o.a.c.c.C.[Tomcat].[localhost].[/] - Initializing Spring embedded WebApplicationContext viewId=
2025-11-04T09:07:54.727+09:00 INFO  [restartedMain] o.s.b.w.s.c.ServletWebServerApplicationContext - Root WebApplicationContext: initialization completed in 593 ms viewId=
2025-11-04T09:07:54.846+09:00 INFO  [restartedMain] o.s.o.j.p.SpringPersistenceUnitInfo - No LoadTimeWeaver setup: ignoring JPA class transformer viewId=
2025-11-04T09:07:54.847+09:00 INFO  [restartedMain] com.zaxxer.hikari.HikariDataSource - HikariPool-4 - Starting... viewId=
2025-11-04T09:07:54.856+09:00 INFO  [restartedMain] com.zaxxer.hikari.pool.HikariPool - HikariPool-4 - Added connection org.postgresql.jdbc.PgConnection@1d3639f2 viewId=
2025-11-04T09:07:54.856+09:00 INFO  [restartedMain] com.zaxxer.hikari.HikariDataSource - HikariPool-4 - Start completed. viewId=
2025-11-04T09:07:55.008+09:00 INFO  [restartedMain] o.s.o.j.LocalContainerEntityManagerFactoryBean - Initialized JPA EntityManagerFactory for persistence unit 'default' viewId=
2025-11-04T09:07:55.630+09:00 WARN  [restartedMain] o.s.b.a.o.j.JpaBaseConfiguration$JpaWebConfiguration - spring.jpa.open-in-view is enabled by default. Therefore, database queries may be performed during view rendering. Explicitly configure spring.jpa.open-in-view to disable this warning viewId=
2025-11-04T09:07:55.820+09:00 INFO  [restartedMain] o.s.s.c.a.a.c.InitializeUserDetailsBeanManagerConfigurer$InitializeUserDetailsManagerConfigurer - Global AuthenticationManager configured with UserDetailsService bean with name myUserDetailsServiceImpl viewId=
2025-11-04T09:07:56.122+09:00 INFO  [restartedMain] o.s.b.d.a.OptionalLiveReloadServer - LiveReload server is running on port 35729 viewId=
2025-11-04T09:07:56.142+09:00 INFO  [restartedMain] o.a.coyote.http11.Http11NioProtocol - Starting ProtocolHandler ["http-nio-8080"] viewId=
2025-11-04T09:07:56.144+09:00 INFO  [restartedMain] o.s.b.w.e.tomcat.TomcatWebServer - Tomcat started on port 8080 (http) with context path '/' viewId=
2025-11-04T09:07:56.149+09:00 INFO  [restartedMain] c.j.SpringJavase11StudyApplication - Started SpringJavase11StudyApplication in 2.065 seconds (process running for 927.875) viewId=
2025-11-04T09:07:56.151+09:00 INFO  [restartedMain] o.s.b.d.a.ConditionEvaluationDeltaLoggingListener - Condition evaluation unchanged viewId=
2025-11-04T09:07:56.154+09:00 INFO  [restartedMain] c.j.config.logging.boot.BootLogging - APP_READY app=spring_javase11_study profiles= pid=1601@daishuuichirounoMacBook-Air.local jvm=21.0.8 dbUrl=jdbc:postgresql://localhost:5432/javase11_study viewId=
2025-11-04T09:08:01.981+09:00 INFO  [RMI TCP Connection(20)-127.0.0.1] o.s.b.a.SpringApplicationAdminMXBeanRegistrar$SpringApplicationAdmin - Application shutdown requested. viewId=
2025-11-04T09:08:01.982+09:00 INFO  [RMI TCP Connection(20)-127.0.0.1] o.s.b.w.e.tomcat.GracefulShutdown - Commencing graceful shutdown. Waiting for active requests to complete viewId=
2025-11-04T09:08:01.983+09:00 INFO  [tomcat-shutdown] o.a.coyote.http11.Http11NioProtocol - Pausing ProtocolHandler ["http-nio-8080"] viewId=
2025-11-04T09:08:01.986+09:00 INFO  [tomcat-shutdown] o.s.b.w.e.tomcat.GracefulShutdown - Graceful shutdown complete viewId=
2025-11-04T09:08:01.987+09:00 INFO  [RMI TCP Connection(20)-127.0.0.1] o.a.coyote.http11.Http11NioProtocol - Stopping ProtocolHandler ["http-nio-8080"] viewId=
2025-11-04T09:08:02.027+09:00 INFO  [RMI TCP Connection(20)-127.0.0.1] o.s.o.j.LocalContainerEntityManagerFactoryBean - Closing JPA EntityManagerFactory for persistence unit 'default' viewId=
2025-11-04T09:08:02.027+09:00 INFO  [RMI TCP Connection(20)-127.0.0.1] com.zaxxer.hikari.HikariDataSource - HikariPool-4 - Shutdown initiated... viewId=
2025-11-04T09:08:02.029+09:00 INFO  [RMI TCP Connection(20)-127.0.0.1] com.zaxxer.hikari.HikariDataSource - HikariPool-4 - Shutdown completed. viewId=
2025-11-04T09:08:04.457+09:00 INFO  [restartedMain] c.j.SpringJavase11StudyApplication - Starting SpringJavase11StudyApplication using Java 21.0.8 with PID 1845 (/Applications/Eclipse_2023-12.app/Contents/workspace/JAVA_STUDY/spring_javase11_study/target/classes started by shu-kundeath in /Applications/Eclipse_2023-12.app/Contents/workspace/JAVA_STUDY/spring_javase11_study) viewId=
2025-11-04T09:08:04.459+09:00 INFO  [restartedMain] c.j.SpringJavase11StudyApplication - No active profile set, falling back to 1 default profile: "default" viewId=
2025-11-04T09:08:04.519+09:00 INFO  [restartedMain] o.s.b.d.e.DevToolsPropertyDefaultsPostProcessor - Devtools property defaults active! Set 'spring.devtools.add-properties' to 'false' to disable viewId=
2025-11-04T09:08:04.519+09:00 INFO  [restartedMain] o.s.b.d.e.DevToolsPropertyDefaultsPostProcessor - For additional web related logging consider setting the 'logging.level.web' property to 'DEBUG' viewId=
2025-11-04T09:08:05.390+09:00 INFO  [restartedMain] o.s.d.r.c.RepositoryConfigurationDelegate - Bootstrapping Spring Data JPA repositories in DEFAULT mode. viewId=
2025-11-04T09:08:05.518+09:00 INFO  [restartedMain] o.s.d.r.c.RepositoryConfigurationDelegate - Finished Spring Data repository scanning in 112 ms. Found 9 JPA repository interfaces. viewId=
2025-11-04T09:08:06.742+09:00 INFO  [restartedMain] o.s.b.w.e.tomcat.TomcatWebServer - Tomcat initialized with port 8080 (http) viewId=
2025-11-04T09:08:06.762+09:00 INFO  [restartedMain] o.a.coyote.http11.Http11NioProtocol - Initializing ProtocolHandler ["http-nio-8080"] viewId=
2025-11-04T09:08:06.765+09:00 INFO  [restartedMain] o.a.catalina.core.StandardService - Starting service [Tomcat] viewId=
2025-11-04T09:08:06.766+09:00 INFO  [restartedMain] o.a.catalina.core.StandardEngine - Starting Servlet engine: [Apache Tomcat/10.1.48] viewId=
2025-11-04T09:08:06.816+09:00 INFO  [restartedMain] o.a.c.c.C.[Tomcat].[localhost].[/] - Initializing Spring embedded WebApplicationContext viewId=
2025-11-04T09:08:06.817+09:00 INFO  [restartedMain] o.s.b.w.s.c.ServletWebServerApplicationContext - Root WebApplicationContext: initialization completed in 2296 ms viewId=
2025-11-04T09:08:07.539+09:00 INFO  [restartedMain] o.s.o.j.p.SpringPersistenceUnitInfo - No LoadTimeWeaver setup: ignoring JPA class transformer viewId=
2025-11-04T09:08:07.576+09:00 INFO  [restartedMain] com.zaxxer.hikari.HikariDataSource - HikariPool-1 - Starting... viewId=
2025-11-04T09:08:07.691+09:00 INFO  [restartedMain] com.zaxxer.hikari.pool.HikariPool - HikariPool-1 - Added connection org.postgresql.jdbc.PgConnection@2415096a viewId=
2025-11-04T09:08:07.693+09:00 INFO  [restartedMain] com.zaxxer.hikari.HikariDataSource - HikariPool-1 - Start completed. viewId=
2025-11-04T09:08:09.006+09:00 INFO  [restartedMain] o.s.o.j.LocalContainerEntityManagerFactoryBean - Initialized JPA EntityManagerFactory for persistence unit 'default' viewId=
2025-11-04T09:08:09.334+09:00 INFO  [restartedMain] o.s.d.j.r.query.QueryEnhancerFactory - Hibernate is in classpath; If applicable, HQL parser will be used. viewId=
2025-11-04T09:08:11.980+09:00 WARN  [restartedMain] o.s.b.a.o.j.JpaBaseConfiguration$JpaWebConfiguration - spring.jpa.open-in-view is enabled by default. Therefore, database queries may be performed during view rendering. Explicitly configure spring.jpa.open-in-view to disable this warning viewId=
2025-11-04T09:08:12.348+09:00 INFO  [restartedMain] o.s.s.c.a.a.c.InitializeUserDetailsBeanManagerConfigurer$InitializeUserDetailsManagerConfigurer - Global AuthenticationManager configured with UserDetailsService bean with name myUserDetailsServiceImpl viewId=
2025-11-04T09:08:12.988+09:00 INFO  [restartedMain] o.s.b.d.a.OptionalLiveReloadServer - LiveReload server is running on port 35729 viewId=
2025-11-04T09:08:13.025+09:00 INFO  [restartedMain] o.a.coyote.http11.Http11NioProtocol - Starting ProtocolHandler ["http-nio-8080"] viewId=
2025-11-04T09:08:13.042+09:00 INFO  [restartedMain] o.s.b.w.e.tomcat.TomcatWebServer - Tomcat started on port 8080 (http) with context path '/' viewId=
2025-11-04T09:08:13.055+09:00 INFO  [restartedMain] c.j.SpringJavase11StudyApplication - Started SpringJavase11StudyApplication in 9.245 seconds (process running for 10.134) viewId=
2025-11-04T09:08:13.063+09:00 INFO  [restartedMain] c.j.config.logging.boot.BootLogging - APP_READY app=spring_javase11_study profiles= pid=1845@daishuuichirounoMacBook-Air.local jvm=21.0.8 dbUrl=jdbc:postgresql://localhost:5432/javase11_study viewId=
2025-11-04T09:20:40.431+09:00 INFO  [File Watcher] o.s.b.d.a.LocalDevToolsAutoConfiguration$RestartingClassPathChangeChangedEventListener - Restarting due to 1 class path change (0 additions, 0 deletions, 1 modification) viewId=
2025-11-04T09:20:40.442+09:00 INFO  [Thread-5] o.s.b.w.e.tomcat.GracefulShutdown - Commencing graceful shutdown. Waiting for active requests to complete viewId=
2025-11-04T09:20:40.444+09:00 INFO  [tomcat-shutdown] o.a.coyote.http11.Http11NioProtocol - Pausing ProtocolHandler ["http-nio-8080"] viewId=
2025-11-04T09:20:40.449+09:00 INFO  [tomcat-shutdown] o.s.b.w.e.tomcat.GracefulShutdown - Graceful shutdown complete viewId=
2025-11-04T09:20:40.450+09:00 INFO  [Thread-5] o.a.coyote.http11.Http11NioProtocol - Stopping ProtocolHandler ["http-nio-8080"] viewId=
2025-11-04T09:20:40.465+09:00 INFO  [Thread-5] o.s.o.j.LocalContainerEntityManagerFactoryBean - Closing JPA EntityManagerFactory for persistence unit 'default' viewId=
2025-11-04T09:20:40.472+09:00 INFO  [Thread-5] com.zaxxer.hikari.HikariDataSource - HikariPool-1 - Shutdown initiated... viewId=
2025-11-04T09:20:40.477+09:00 INFO  [Thread-5] com.zaxxer.hikari.HikariDataSource - HikariPool-1 - Shutdown completed. viewId=
2025-11-04T09:20:40.705+09:00 INFO  [restartedMain] c.j.SpringJavase11StudyApplication - Starting SpringJavase11StudyApplication using Java 21.0.8 with PID 1845 (/Applications/Eclipse_2023-12.app/Contents/workspace/JAVA_STUDY/spring_javase11_study/target/classes started by shu-kundeath in /Applications/Eclipse_2023-12.app/Contents/workspace/JAVA_STUDY/spring_javase11_study) viewId=
2025-11-04T09:20:40.706+09:00 INFO  [restartedMain] c.j.SpringJavase11StudyApplication - No active profile set, falling back to 1 default profile: "default" viewId=
2025-11-04T09:20:41.176+09:00 INFO  [restartedMain] o.s.d.r.c.RepositoryConfigurationDelegate - Bootstrapping Spring Data JPA repositories in DEFAULT mode. viewId=
2025-11-04T09:20:41.260+09:00 INFO  [restartedMain] o.s.d.r.c.RepositoryConfigurationDelegate - Finished Spring Data repository scanning in 81 ms. Found 9 JPA repository interfaces. viewId=
2025-11-04T09:20:41.722+09:00 INFO  [restartedMain] o.s.b.w.e.tomcat.TomcatWebServer - Tomcat initialized with port 8080 (http) viewId=
2025-11-04T09:20:41.726+09:00 INFO  [restartedMain] o.a.coyote.http11.Http11NioProtocol - Initializing ProtocolHandler ["http-nio-8080"] viewId=
2025-11-04T09:20:41.727+09:00 INFO  [restartedMain] o.a.catalina.core.StandardService - Starting service [Tomcat] viewId=
2025-11-04T09:20:41.728+09:00 INFO  [restartedMain] o.a.catalina.core.StandardEngine - Starting Servlet engine: [Apache Tomcat/10.1.48] viewId=
2025-11-04T09:20:41.750+09:00 INFO  [restartedMain] o.a.c.c.C.[Tomcat].[localhost].[/] - Initializing Spring embedded WebApplicationContext viewId=
2025-11-04T09:20:41.750+09:00 INFO  [restartedMain] o.s.b.w.s.c.ServletWebServerApplicationContext - Root WebApplicationContext: initialization completed in 1037 ms viewId=
2025-11-04T09:20:41.890+09:00 INFO  [restartedMain] o.s.o.j.p.SpringPersistenceUnitInfo - No LoadTimeWeaver setup: ignoring JPA class transformer viewId=
2025-11-04T09:20:41.892+09:00 INFO  [restartedMain] com.zaxxer.hikari.HikariDataSource - HikariPool-2 - Starting... viewId=
2025-11-04T09:20:41.908+09:00 INFO  [restartedMain] com.zaxxer.hikari.pool.HikariPool - HikariPool-2 - Added connection org.postgresql.jdbc.PgConnection@7cb1bcc5 viewId=
2025-11-04T09:20:41.908+09:00 INFO  [restartedMain] com.zaxxer.hikari.HikariDataSource - HikariPool-2 - Start completed. viewId=
2025-11-04T09:20:42.208+09:00 INFO  [restartedMain] o.s.o.j.LocalContainerEntityManagerFactoryBean - Initialized JPA EntityManagerFactory for persistence unit 'default' viewId=
2025-11-04T09:20:42.987+09:00 WARN  [restartedMain] o.s.b.a.o.j.JpaBaseConfiguration$JpaWebConfiguration - spring.jpa.open-in-view is enabled by default. Therefore, database queries may be performed during view rendering. Explicitly configure spring.jpa.open-in-view to disable this warning viewId=
2025-11-04T09:20:43.242+09:00 INFO  [restartedMain] o.s.s.c.a.a.c.InitializeUserDetailsBeanManagerConfigurer$InitializeUserDetailsManagerConfigurer - Global AuthenticationManager configured with UserDetailsService bean with name myUserDetailsServiceImpl viewId=
2025-11-04T09:20:43.559+09:00 INFO  [restartedMain] o.s.b.d.a.OptionalLiveReloadServer - LiveReload server is running on port 35729 viewId=
2025-11-04T09:20:43.591+09:00 INFO  [restartedMain] o.a.coyote.http11.Http11NioProtocol - Starting ProtocolHandler ["http-nio-8080"] viewId=
2025-11-04T09:20:43.595+09:00 INFO  [restartedMain] o.s.b.w.e.tomcat.TomcatWebServer - Tomcat started on port 8080 (http) with context path '/' viewId=
2025-11-04T09:20:43.601+09:00 INFO  [restartedMain] c.j.SpringJavase11StudyApplication - Started SpringJavase11StudyApplication in 2.975 seconds (process running for 760.682) viewId=
2025-11-04T09:20:43.606+09:00 INFO  [restartedMain] o.s.b.d.a.ConditionEvaluationDeltaLoggingListener - Condition evaluation unchanged viewId=
2025-11-04T09:20:43.611+09:00 INFO  [restartedMain] c.j.config.logging.boot.BootLogging - APP_READY app=spring_javase11_study profiles= pid=1845@daishuuichirounoMacBook-Air.local jvm=21.0.8 dbUrl=jdbc:postgresql://localhost:5432/javase11_study viewId=
2025-11-04T09:24:16.143+09:00 INFO  [File Watcher] o.s.b.d.a.LocalDevToolsAutoConfiguration$RestartingClassPathChangeChangedEventListener - Restarting due to 1 class path change (0 additions, 0 deletions, 1 modification) viewId=
2025-11-04T09:24:16.145+09:00 INFO  [Thread-7] o.s.b.w.e.tomcat.GracefulShutdown - Commencing graceful shutdown. Waiting for active requests to complete viewId=
2025-11-04T09:24:16.146+09:00 INFO  [tomcat-shutdown] o.a.coyote.http11.Http11NioProtocol - Pausing ProtocolHandler ["http-nio-8080"] viewId=
2025-11-04T09:24:16.150+09:00 INFO  [tomcat-shutdown] o.s.b.w.e.tomcat.GracefulShutdown - Graceful shutdown complete viewId=
2025-11-04T09:24:16.151+09:00 INFO  [Thread-7] o.a.coyote.http11.Http11NioProtocol - Stopping ProtocolHandler ["http-nio-8080"] viewId=
2025-11-04T09:24:16.160+09:00 INFO  [Thread-7] o.s.o.j.LocalContainerEntityManagerFactoryBean - Closing JPA EntityManagerFactory for persistence unit 'default' viewId=
2025-11-04T09:24:16.161+09:00 INFO  [Thread-7] com.zaxxer.hikari.HikariDataSource - HikariPool-2 - Shutdown initiated... viewId=
2025-11-04T09:24:16.164+09:00 INFO  [Thread-7] com.zaxxer.hikari.HikariDataSource - HikariPool-2 - Shutdown completed. viewId=
2025-11-04T09:24:16.339+09:00 INFO  [restartedMain] c.j.SpringJavase11StudyApplication - Starting SpringJavase11StudyApplication using Java 21.0.8 with PID 1845 (/Applications/Eclipse_2023-12.app/Contents/workspace/JAVA_STUDY/spring_javase11_study/target/classes started by shu-kundeath in /Applications/Eclipse_2023-12.app/Contents/workspace/JAVA_STUDY/spring_javase11_study) viewId=
2025-11-04T09:24:16.340+09:00 INFO  [restartedMain] c.j.SpringJavase11StudyApplication - No active profile set, falling back to 1 default profile: "default" viewId=
2025-11-04T09:24:16.744+09:00 INFO  [restartedMain] o.s.d.r.c.RepositoryConfigurationDelegate - Bootstrapping Spring Data JPA repositories in DEFAULT mode. viewId=
2025-11-04T09:24:16.832+09:00 INFO  [restartedMain] o.s.d.r.c.RepositoryConfigurationDelegate - Finished Spring Data repository scanning in 83 ms. Found 9 JPA repository interfaces. viewId=
2025-11-04T09:24:17.223+09:00 INFO  [restartedMain] o.s.b.w.e.tomcat.TomcatWebServer - Tomcat initialized with port 8080 (http) viewId=
2025-11-04T09:24:17.226+09:00 INFO  [restartedMain] o.a.coyote.http11.Http11NioProtocol - Initializing ProtocolHandler ["http-nio-8080"] viewId=
2025-11-04T09:24:17.227+09:00 INFO  [restartedMain] o.a.catalina.core.StandardService - Starting service [Tomcat] viewId=
2025-11-04T09:24:17.227+09:00 INFO  [restartedMain] o.a.catalina.core.StandardEngine - Starting Servlet engine: [Apache Tomcat/10.1.48] viewId=
2025-11-04T09:24:17.243+09:00 INFO  [restartedMain] o.a.c.c.C.[Tomcat].[localhost].[/] - Initializing Spring embedded WebApplicationContext viewId=
2025-11-04T09:24:17.243+09:00 INFO  [restartedMain] o.s.b.w.s.c.ServletWebServerApplicationContext - Root WebApplicationContext: initialization completed in 899 ms viewId=
2025-11-04T09:24:17.361+09:00 INFO  [restartedMain] o.s.o.j.p.SpringPersistenceUnitInfo - No LoadTimeWeaver setup: ignoring JPA class transformer viewId=
2025-11-04T09:24:17.363+09:00 INFO  [restartedMain] com.zaxxer.hikari.HikariDataSource - HikariPool-3 - Starting... viewId=
2025-11-04T09:24:17.374+09:00 INFO  [restartedMain] com.zaxxer.hikari.pool.HikariPool - HikariPool-3 - Added connection org.postgresql.jdbc.PgConnection@20d434bc viewId=
2025-11-04T09:24:17.374+09:00 INFO  [restartedMain] com.zaxxer.hikari.HikariDataSource - HikariPool-3 - Start completed. viewId=
2025-11-04T09:24:17.566+09:00 INFO  [restartedMain] o.s.o.j.LocalContainerEntityManagerFactoryBean - Initialized JPA EntityManagerFactory for persistence unit 'default' viewId=
2025-11-04T09:24:18.246+09:00 WARN  [restartedMain] o.s.b.a.o.j.JpaBaseConfiguration$JpaWebConfiguration - spring.jpa.open-in-view is enabled by default. Therefore, database queries may be performed during view rendering. Explicitly configure spring.jpa.open-in-view to disable this warning viewId=
2025-11-04T09:24:18.451+09:00 INFO  [restartedMain] o.s.s.c.a.a.c.InitializeUserDetailsBeanManagerConfigurer$InitializeUserDetailsManagerConfigurer - Global AuthenticationManager configured with UserDetailsService bean with name myUserDetailsServiceImpl viewId=
2025-11-04T09:24:19.017+09:00 INFO  [restartedMain] o.s.b.d.a.OptionalLiveReloadServer - LiveReload server is running on port 35729 viewId=
2025-11-04T09:24:19.055+09:00 INFO  [restartedMain] o.a.coyote.http11.Http11NioProtocol - Starting ProtocolHandler ["http-nio-8080"] viewId=
2025-11-04T09:24:19.059+09:00 INFO  [restartedMain] o.s.b.w.e.tomcat.TomcatWebServer - Tomcat started on port 8080 (http) with context path '/' viewId=
2025-11-04T09:24:19.067+09:00 INFO  [restartedMain] c.j.SpringJavase11StudyApplication - Started SpringJavase11StudyApplication in 2.787 seconds (process running for 976.151) viewId=
2025-11-04T09:24:19.070+09:00 INFO  [restartedMain] o.s.b.d.a.ConditionEvaluationDeltaLoggingListener - Condition evaluation unchanged viewId=
2025-11-04T09:24:19.074+09:00 INFO  [restartedMain] c.j.config.logging.boot.BootLogging - APP_READY app=spring_javase11_study profiles= pid=1845@daishuuichirounoMacBook-Air.local jvm=21.0.8 dbUrl=jdbc:postgresql://localhost:5432/javase11_study viewId=
2025-11-04T09:24:31.050+09:00 INFO  [File Watcher] o.s.b.d.a.LocalDevToolsAutoConfiguration$RestartingClassPathChangeChangedEventListener - Restarting due to 1 class path change (0 additions, 0 deletions, 1 modification) viewId=
2025-11-04T09:24:31.052+09:00 INFO  [Thread-11] o.s.b.w.e.tomcat.GracefulShutdown - Commencing graceful shutdown. Waiting for active requests to complete viewId=
2025-11-04T09:24:31.054+09:00 INFO  [tomcat-shutdown] o.a.coyote.http11.Http11NioProtocol - Pausing ProtocolHandler ["http-nio-8080"] viewId=
2025-11-04T09:24:31.058+09:00 INFO  [tomcat-shutdown] o.s.b.w.e.tomcat.GracefulShutdown - Graceful shutdown complete viewId=
2025-11-04T09:24:31.059+09:00 INFO  [Thread-11] o.a.coyote.http11.Http11NioProtocol - Stopping ProtocolHandler ["http-nio-8080"] viewId=
2025-11-04T09:24:31.064+09:00 INFO  [Thread-11] o.s.o.j.LocalContainerEntityManagerFactoryBean - Closing JPA EntityManagerFactory for persistence unit 'default' viewId=
2025-11-04T09:24:31.065+09:00 INFO  [Thread-11] com.zaxxer.hikari.HikariDataSource - HikariPool-3 - Shutdown initiated... viewId=
2025-11-04T09:24:31.068+09:00 INFO  [Thread-11] com.zaxxer.hikari.HikariDataSource - HikariPool-3 - Shutdown completed. viewId=
2025-11-04T09:24:31.240+09:00 INFO  [restartedMain] c.j.SpringJavase11StudyApplication - Starting SpringJavase11StudyApplication using Java 21.0.8 with PID 1845 (/Applications/Eclipse_2023-12.app/Contents/workspace/JAVA_STUDY/spring_javase11_study/target/classes started by shu-kundeath in /Applications/Eclipse_2023-12.app/Contents/workspace/JAVA_STUDY/spring_javase11_study) viewId=
2025-11-04T09:24:31.241+09:00 INFO  [restartedMain] c.j.SpringJavase11StudyApplication - No active profile set, falling back to 1 default profile: "default" viewId=
2025-11-04T09:24:31.551+09:00 INFO  [restartedMain] o.s.d.r.c.RepositoryConfigurationDelegate - Bootstrapping Spring Data JPA repositories in DEFAULT mode. viewId=
2025-11-04T09:24:31.637+09:00 INFO  [restartedMain] o.s.d.r.c.RepositoryConfigurationDelegate - Finished Spring Data repository scanning in 84 ms. Found 9 JPA repository interfaces. viewId=
2025-11-04T09:24:31.918+09:00 INFO  [restartedMain] o.s.b.w.e.tomcat.TomcatWebServer - Tomcat initialized with port 8080 (http) viewId=
2025-11-04T09:24:31.919+09:00 INFO  [restartedMain] o.a.coyote.http11.Http11NioProtocol - Initializing ProtocolHandler ["http-nio-8080"] viewId=
2025-11-04T09:24:31.919+09:00 INFO  [restartedMain] o.a.catalina.core.StandardService - Starting service [Tomcat] viewId=
2025-11-04T09:24:31.920+09:00 INFO  [restartedMain] o.a.catalina.core.StandardEngine - Starting Servlet engine: [Apache Tomcat/10.1.48] viewId=
2025-11-04T09:24:31.936+09:00 INFO  [restartedMain] o.a.c.c.C.[Tomcat].[localhost].[/] - Initializing Spring embedded WebApplicationContext viewId=
2025-11-04T09:24:31.936+09:00 INFO  [restartedMain] o.s.b.w.s.c.ServletWebServerApplicationContext - Root WebApplicationContext: initialization completed in 692 ms viewId=
2025-11-04T09:24:32.057+09:00 INFO  [restartedMain] o.s.o.j.p.SpringPersistenceUnitInfo - No LoadTimeWeaver setup: ignoring JPA class transformer viewId=
2025-11-04T09:24:32.058+09:00 INFO  [restartedMain] com.zaxxer.hikari.HikariDataSource - HikariPool-4 - Starting... viewId=
2025-11-04T09:24:32.068+09:00 INFO  [restartedMain] com.zaxxer.hikari.pool.HikariPool - HikariPool-4 - Added connection org.postgresql.jdbc.PgConnection@a0ec24a viewId=
2025-11-04T09:24:32.069+09:00 INFO  [restartedMain] com.zaxxer.hikari.HikariDataSource - HikariPool-4 - Start completed. viewId=
2025-11-04T09:24:32.234+09:00 INFO  [restartedMain] o.s.o.j.LocalContainerEntityManagerFactoryBean - Initialized JPA EntityManagerFactory for persistence unit 'default' viewId=
2025-11-04T09:24:33.386+09:00 WARN  [restartedMain] o.s.b.a.o.j.JpaBaseConfiguration$JpaWebConfiguration - spring.jpa.open-in-view is enabled by default. Therefore, database queries may be performed during view rendering. Explicitly configure spring.jpa.open-in-view to disable this warning viewId=
2025-11-04T09:24:33.662+09:00 INFO  [restartedMain] o.s.s.c.a.a.c.InitializeUserDetailsBeanManagerConfigurer$InitializeUserDetailsManagerConfigurer - Global AuthenticationManager configured with UserDetailsService bean with name myUserDetailsServiceImpl viewId=
2025-11-04T09:24:34.048+09:00 INFO  [restartedMain] o.s.b.d.a.OptionalLiveReloadServer - LiveReload server is running on port 35729 viewId=
2025-11-04T09:24:34.081+09:00 INFO  [restartedMain] o.a.coyote.http11.Http11NioProtocol - Starting ProtocolHandler ["http-nio-8080"] viewId=
2025-11-04T09:24:34.084+09:00 INFO  [restartedMain] o.s.b.w.e.tomcat.TomcatWebServer - Tomcat started on port 8080 (http) with context path '/' viewId=
2025-11-04T09:24:34.091+09:00 INFO  [restartedMain] c.j.SpringJavase11StudyApplication - Started SpringJavase11StudyApplication in 2.898 seconds (process running for 991.175) viewId=
2025-11-04T09:24:34.095+09:00 INFO  [restartedMain] o.s.b.d.a.ConditionEvaluationDeltaLoggingListener - Condition evaluation unchanged viewId=
2025-11-04T09:24:34.099+09:00 INFO  [restartedMain] c.j.config.logging.boot.BootLogging - APP_READY app=spring_javase11_study profiles= pid=1845@daishuuichirounoMacBook-Air.local jvm=21.0.8 dbUrl=jdbc:postgresql://localhost:5432/javase11_study viewId=
2025-11-04T09:25:26.455+09:00 INFO  [File Watcher] o.s.b.d.a.LocalDevToolsAutoConfiguration$RestartingClassPathChangeChangedEventListener - Restarting due to 3 class path changes (0 additions, 0 deletions, 3 modifications) viewId=
2025-11-04T09:25:26.460+09:00 INFO  [Thread-15] o.s.b.w.e.tomcat.GracefulShutdown - Commencing graceful shutdown. Waiting for active requests to complete viewId=
2025-11-04T09:25:26.461+09:00 INFO  [tomcat-shutdown] o.a.coyote.http11.Http11NioProtocol - Pausing ProtocolHandler ["http-nio-8080"] viewId=
2025-11-04T09:25:26.468+09:00 INFO  [tomcat-shutdown] o.s.b.w.e.tomcat.GracefulShutdown - Graceful shutdown complete viewId=
2025-11-04T09:25:26.468+09:00 INFO  [Thread-15] o.a.coyote.http11.Http11NioProtocol - Stopping ProtocolHandler ["http-nio-8080"] viewId=
2025-11-04T09:25:26.478+09:00 INFO  [Thread-15] o.s.o.j.LocalContainerEntityManagerFactoryBean - Closing JPA EntityManagerFactory for persistence unit 'default' viewId=
2025-11-04T09:25:26.479+09:00 INFO  [Thread-15] com.zaxxer.hikari.HikariDataSource - HikariPool-4 - Shutdown initiated... viewId=
2025-11-04T09:25:26.482+09:00 INFO  [Thread-15] com.zaxxer.hikari.HikariDataSource - HikariPool-4 - Shutdown completed. viewId=
2025-11-04T09:25:26.651+09:00 INFO  [restartedMain] c.j.SpringJavase11StudyApplication - Starting SpringJavase11StudyApplication using Java 21.0.8 with PID 1845 (/Applications/Eclipse_2023-12.app/Contents/workspace/JAVA_STUDY/spring_javase11_study/target/classes started by shu-kundeath in /Applications/Eclipse_2023-12.app/Contents/workspace/JAVA_STUDY/spring_javase11_study) viewId=
2025-11-04T09:25:26.652+09:00 INFO  [restartedMain] c.j.SpringJavase11StudyApplication - No active profile set, falling back to 1 default profile: "default" viewId=
2025-11-04T09:25:27.091+09:00 INFO  [restartedMain] o.s.d.r.c.RepositoryConfigurationDelegate - Bootstrapping Spring Data JPA repositories in DEFAULT mode. viewId=
2025-11-04T09:25:27.164+09:00 INFO  [restartedMain] o.s.d.r.c.RepositoryConfigurationDelegate - Finished Spring Data repository scanning in 72 ms. Found 9 JPA repository interfaces. viewId=
2025-11-04T09:25:27.444+09:00 INFO  [restartedMain] o.s.b.w.e.tomcat.TomcatWebServer - Tomcat initialized with port 8080 (http) viewId=
2025-11-04T09:25:27.445+09:00 INFO  [restartedMain] o.a.coyote.http11.Http11NioProtocol - Initializing ProtocolHandler ["http-nio-8080"] viewId=
2025-11-04T09:25:27.446+09:00 INFO  [restartedMain] o.a.catalina.core.StandardService - Starting service [Tomcat] viewId=
2025-11-04T09:25:27.446+09:00 INFO  [restartedMain] o.a.catalina.core.StandardEngine - Starting Servlet engine: [Apache Tomcat/10.1.48] viewId=
2025-11-04T09:25:27.459+09:00 INFO  [restartedMain] o.a.c.c.C.[Tomcat].[localhost].[/] - Initializing Spring embedded WebApplicationContext viewId=
2025-11-04T09:25:27.459+09:00 INFO  [restartedMain] o.s.b.w.s.c.ServletWebServerApplicationContext - Root WebApplicationContext: initialization completed in 803 ms viewId=
2025-11-04T09:25:27.611+09:00 INFO  [restartedMain] o.s.o.j.p.SpringPersistenceUnitInfo - No LoadTimeWeaver setup: ignoring JPA class transformer viewId=
2025-11-04T09:25:27.613+09:00 INFO  [restartedMain] com.zaxxer.hikari.HikariDataSource - HikariPool-5 - Starting... viewId=
2025-11-04T09:25:27.630+09:00 INFO  [restartedMain] com.zaxxer.hikari.pool.HikariPool - HikariPool-5 - Added connection org.postgresql.jdbc.PgConnection@53b9ba76 viewId=
2025-11-04T09:25:27.631+09:00 INFO  [restartedMain] com.zaxxer.hikari.HikariDataSource - HikariPool-5 - Start completed. viewId=
2025-11-04T09:25:27.815+09:00 INFO  [restartedMain] o.s.o.j.LocalContainerEntityManagerFactoryBean - Initialized JPA EntityManagerFactory for persistence unit 'default' viewId=
2025-11-04T09:25:28.803+09:00 WARN  [restartedMain] o.s.b.a.o.j.JpaBaseConfiguration$JpaWebConfiguration - spring.jpa.open-in-view is enabled by default. Therefore, database queries may be performed during view rendering. Explicitly configure spring.jpa.open-in-view to disable this warning viewId=
2025-11-04T09:25:29.293+09:00 INFO  [restartedMain] o.s.s.c.a.a.c.InitializeUserDetailsBeanManagerConfigurer$InitializeUserDetailsManagerConfigurer - Global AuthenticationManager configured with UserDetailsService bean with name myUserDetailsServiceImpl viewId=
2025-11-04T09:25:29.566+09:00 INFO  [restartedMain] o.s.b.d.a.OptionalLiveReloadServer - LiveReload server is running on port 35729 viewId=
2025-11-04T09:25:29.590+09:00 INFO  [restartedMain] o.a.coyote.http11.Http11NioProtocol - Starting ProtocolHandler ["http-nio-8080"] viewId=
2025-11-04T09:25:29.593+09:00 INFO  [restartedMain] o.s.b.w.e.tomcat.TomcatWebServer - Tomcat started on port 8080 (http) with context path '/' viewId=
2025-11-04T09:25:29.599+09:00 INFO  [restartedMain] c.j.SpringJavase11StudyApplication - Started SpringJavase11StudyApplication in 3.005 seconds (process running for 1046.684) viewId=
2025-11-04T09:25:29.601+09:00 INFO  [restartedMain] o.s.b.d.a.ConditionEvaluationDeltaLoggingListener - Condition evaluation unchanged viewId=
2025-11-04T09:25:29.606+09:00 INFO  [restartedMain] c.j.config.logging.boot.BootLogging - APP_READY app=spring_javase11_study profiles= pid=1845@daishuuichirounoMacBook-Air.local jvm=21.0.8 dbUrl=jdbc:postgresql://localhost:5432/javase11_study viewId=
2025-11-04T09:25:37.350+09:00 INFO  [File Watcher] o.s.b.d.a.LocalDevToolsAutoConfiguration$RestartingClassPathChangeChangedEventListener - Restarting due to 396 class path changes (0 additions, 396 deletions, 0 modifications) viewId=
2025-11-04T09:25:37.355+09:00 INFO  [Thread-19] o.s.b.w.e.tomcat.GracefulShutdown - Commencing graceful shutdown. Waiting for active requests to complete viewId=
2025-11-04T09:25:37.361+09:00 INFO  [tomcat-shutdown] o.a.coyote.http11.Http11NioProtocol - Pausing ProtocolHandler ["http-nio-8080"] viewId=
2025-11-04T09:25:37.364+09:00 INFO  [tomcat-shutdown] o.s.b.w.e.tomcat.GracefulShutdown - Graceful shutdown complete viewId=
2025-11-04T09:25:37.365+09:00 INFO  [Thread-19] o.a.coyote.http11.Http11NioProtocol - Stopping ProtocolHandler ["http-nio-8080"] viewId=
2025-11-04T09:25:37.373+09:00 INFO  [Thread-19] o.s.o.j.LocalContainerEntityManagerFactoryBean - Closing JPA EntityManagerFactory for persistence unit 'default' viewId=
2025-11-04T09:25:37.374+09:00 INFO  [Thread-19] com.zaxxer.hikari.HikariDataSource - HikariPool-5 - Shutdown initiated... viewId=
2025-11-04T09:25:37.378+09:00 INFO  [Thread-19] com.zaxxer.hikari.HikariDataSource - HikariPool-5 - Shutdown completed. viewId=
2025-11-04T09:25:45.237+09:00 INFO  [restartedMain] c.j.SpringJavase11StudyApplication - Starting SpringJavase11StudyApplication using Java 21.0.8 with PID 1845 (/Applications/Eclipse_2023-12.app/Contents/workspace/JAVA_STUDY/spring_javase11_study/target/classes started by shu-kundeath in /Applications/Eclipse_2023-12.app/Contents/workspace/JAVA_STUDY/spring_javase11_study) viewId=
2025-11-04T09:25:45.237+09:00 INFO  [restartedMain] c.j.SpringJavase11StudyApplication - No active profile set, falling back to 1 default profile: "default" viewId=
2025-11-04T09:25:45.625+09:00 INFO  [restartedMain] o.s.d.r.c.RepositoryConfigurationDelegate - Bootstrapping Spring Data JPA repositories in DEFAULT mode. viewId=
2025-11-04T09:25:45.720+09:00 INFO  [restartedMain] o.s.d.r.c.RepositoryConfigurationDelegate - Finished Spring Data repository scanning in 91 ms. Found 9 JPA repository interfaces. viewId=
2025-11-04T09:25:46.067+09:00 INFO  [restartedMain] o.s.b.w.e.tomcat.TomcatWebServer - Tomcat initialized with port 8080 (http) viewId=
2025-11-04T09:25:46.068+09:00 INFO  [restartedMain] o.a.catalina.core.StandardService - Starting service [Tomcat] viewId=
2025-11-04T09:25:46.069+09:00 INFO  [restartedMain] o.a.catalina.core.StandardEngine - Starting Servlet engine: [Apache Tomcat/10.1.48] viewId=
2025-11-04T09:25:46.085+09:00 INFO  [restartedMain] o.a.c.c.C.[Tomcat-2].[localhost].[/] - Initializing Spring embedded WebApplicationContext viewId=
2025-11-04T09:25:46.086+09:00 INFO  [restartedMain] o.s.b.w.s.c.ServletWebServerApplicationContext - Root WebApplicationContext: initialization completed in 839 ms viewId=
2025-11-04T09:25:46.341+09:00 INFO  [restartedMain] o.s.o.j.p.SpringPersistenceUnitInfo - No LoadTimeWeaver setup: ignoring JPA class transformer viewId=
2025-11-04T09:25:46.342+09:00 INFO  [restartedMain] com.zaxxer.hikari.HikariDataSource - HikariPool-6 - Starting... viewId=
2025-11-04T09:25:46.354+09:00 INFO  [restartedMain] com.zaxxer.hikari.pool.HikariPool - HikariPool-6 - Added connection org.postgresql.jdbc.PgConnection@f0b0667 viewId=
2025-11-04T09:25:46.354+09:00 INFO  [restartedMain] com.zaxxer.hikari.HikariDataSource - HikariPool-6 - Start completed. viewId=
2025-11-04T09:25:46.631+09:00 INFO  [restartedMain] o.s.o.j.LocalContainerEntityManagerFactoryBean - Initialized JPA EntityManagerFactory for persistence unit 'default' viewId=
2025-11-04T09:25:47.673+09:00 WARN  [restartedMain] o.s.b.a.o.j.JpaBaseConfiguration$JpaWebConfiguration - spring.jpa.open-in-view is enabled by default. Therefore, database queries may be performed during view rendering. Explicitly configure spring.jpa.open-in-view to disable this warning viewId=
2025-11-04T09:25:47.861+09:00 INFO  [restartedMain] o.s.s.c.a.a.c.InitializeUserDetailsBeanManagerConfigurer$InitializeUserDetailsManagerConfigurer - Global AuthenticationManager configured with UserDetailsService bean with name myUserDetailsServiceImpl viewId=
2025-11-04T09:25:48.246+09:00 INFO  [restartedMain] o.s.b.d.a.OptionalLiveReloadServer - LiveReload server is running on port 35729 viewId=
2025-11-04T09:25:48.271+09:00 INFO  [restartedMain] o.s.b.w.e.tomcat.TomcatWebServer - Tomcat started on port 8080 (http) with context path '/' viewId=
2025-11-04T09:25:48.276+09:00 INFO  [restartedMain] c.j.SpringJavase11StudyApplication - Started SpringJavase11StudyApplication in 3.108 seconds (process running for 1065.362) viewId=
2025-11-04T09:25:48.278+09:00 INFO  [restartedMain] o.s.b.d.a.ConditionEvaluationDeltaLoggingListener - Condition evaluation unchanged viewId=
2025-11-04T09:25:48.281+09:00 INFO  [restartedMain] c.j.config.logging.boot.BootLogging - APP_READY app=spring_javase11_study profiles= pid=1845@daishuuichirounoMacBook-Air.local jvm=21.0.8 dbUrl=jdbc:postgresql://localhost:5432/javase11_study viewId=
2025-11-04T09:25:59.207+09:00 INFO  [File Watcher] o.s.b.d.a.LocalDevToolsAutoConfiguration$RestartingClassPathChangeChangedEventListener - Restarting due to 1 class path change (0 additions, 0 deletions, 1 modification) viewId=
2025-11-04T09:25:59.209+09:00 INFO  [Thread-23] o.s.b.w.e.tomcat.GracefulShutdown - Commencing graceful shutdown. Waiting for active requests to complete viewId=
2025-11-04T09:25:59.215+09:00 INFO  [tomcat-shutdown] o.s.b.w.e.tomcat.GracefulShutdown - Graceful shutdown complete viewId=
2025-11-04T09:25:59.221+09:00 INFO  [Thread-23] o.s.o.j.LocalContainerEntityManagerFactoryBean - Closing JPA EntityManagerFactory for persistence unit 'default' viewId=
2025-11-04T09:25:59.222+09:00 INFO  [Thread-23] com.zaxxer.hikari.HikariDataSource - HikariPool-6 - Shutdown initiated... viewId=
2025-11-04T09:25:59.224+09:00 INFO  [Thread-23] com.zaxxer.hikari.HikariDataSource - HikariPool-6 - Shutdown completed. viewId=
2025-11-04T09:25:59.394+09:00 INFO  [restartedMain] c.j.SpringJavase11StudyApplication - Starting SpringJavase11StudyApplication using Java 21.0.8 with PID 1845 (/Applications/Eclipse_2023-12.app/Contents/workspace/JAVA_STUDY/spring_javase11_study/target/classes started by shu-kundeath in /Applications/Eclipse_2023-12.app/Contents/workspace/JAVA_STUDY/spring_javase11_study) viewId=
2025-11-04T09:25:59.395+09:00 INFO  [restartedMain] c.j.SpringJavase11StudyApplication - No active profile set, falling back to 1 default profile: "default" viewId=
2025-11-04T09:25:59.709+09:00 INFO  [restartedMain] o.s.d.r.c.RepositoryConfigurationDelegate - Bootstrapping Spring Data JPA repositories in DEFAULT mode. viewId=
2025-11-04T09:25:59.781+09:00 INFO  [restartedMain] o.s.d.r.c.RepositoryConfigurationDelegate - Finished Spring Data repository scanning in 70 ms. Found 9 JPA repository interfaces. viewId=
2025-11-04T09:26:00.041+09:00 INFO  [restartedMain] o.s.b.w.e.tomcat.TomcatWebServer - Tomcat initialized with port 8080 (http) viewId=
2025-11-04T09:26:00.042+09:00 INFO  [restartedMain] o.a.catalina.core.StandardService - Starting service [Tomcat] viewId=
2025-11-04T09:26:00.042+09:00 INFO  [restartedMain] o.a.catalina.core.StandardEngine - Starting Servlet engine: [Apache Tomcat/10.1.48] viewId=
2025-11-04T09:26:00.056+09:00 INFO  [restartedMain] o.a.c.c.C.[Tomcat-2].[localhost].[/] - Initializing Spring embedded WebApplicationContext viewId=
2025-11-04T09:26:00.056+09:00 INFO  [restartedMain] o.s.b.w.s.c.ServletWebServerApplicationContext - Root WebApplicationContext: initialization completed in 656 ms viewId=
2025-11-04T09:26:00.196+09:00 INFO  [restartedMain] o.s.o.j.p.SpringPersistenceUnitInfo - No LoadTimeWeaver setup: ignoring JPA class transformer viewId=
2025-11-04T09:26:00.198+09:00 INFO  [restartedMain] com.zaxxer.hikari.HikariDataSource - HikariPool-7 - Starting... viewId=
2025-11-04T09:26:00.210+09:00 INFO  [restartedMain] com.zaxxer.hikari.pool.HikariPool - HikariPool-7 - Added connection org.postgresql.jdbc.PgConnection@62d5ac61 viewId=
2025-11-04T09:26:00.210+09:00 INFO  [restartedMain] com.zaxxer.hikari.HikariDataSource - HikariPool-7 - Start completed. viewId=
2025-11-04T09:26:00.385+09:00 INFO  [restartedMain] o.s.o.j.LocalContainerEntityManagerFactoryBean - Initialized JPA EntityManagerFactory for persistence unit 'default' viewId=
2025-11-04T09:26:01.335+09:00 WARN  [restartedMain] o.s.b.a.o.j.JpaBaseConfiguration$JpaWebConfiguration - spring.jpa.open-in-view is enabled by default. Therefore, database queries may be performed during view rendering. Explicitly configure spring.jpa.open-in-view to disable this warning viewId=
2025-11-04T09:26:01.604+09:00 INFO  [restartedMain] o.s.s.c.a.a.c.InitializeUserDetailsBeanManagerConfigurer$InitializeUserDetailsManagerConfigurer - Global AuthenticationManager configured with UserDetailsService bean with name myUserDetailsServiceImpl viewId=
2025-11-04T09:26:01.840+09:00 INFO  [restartedMain] o.s.b.d.a.OptionalLiveReloadServer - LiveReload server is running on port 35729 viewId=
2025-11-04T09:26:01.861+09:00 INFO  [restartedMain] o.s.b.w.e.tomcat.TomcatWebServer - Tomcat started on port 8080 (http) with context path '/' viewId=
2025-11-04T09:26:01.865+09:00 INFO  [restartedMain] c.j.SpringJavase11StudyApplication - Started SpringJavase11StudyApplication in 2.506 seconds (process running for 1078.951) viewId=
2025-11-04T09:26:01.867+09:00 INFO  [restartedMain] o.s.b.d.a.ConditionEvaluationDeltaLoggingListener - Condition evaluation unchanged viewId=
2025-11-04T09:26:01.870+09:00 INFO  [restartedMain] c.j.config.logging.boot.BootLogging - APP_READY app=spring_javase11_study profiles= pid=1845@daishuuichirounoMacBook-Air.local jvm=21.0.8 dbUrl=jdbc:postgresql://localhost:5432/javase11_study viewId=
2025-11-04T09:29:36.716+09:00 INFO  [File Watcher] o.s.b.d.a.LocalDevToolsAutoConfiguration$RestartingClassPathChangeChangedEventListener - Restarting due to 1 class path change (0 additions, 0 deletions, 1 modification) viewId=
2025-11-04T09:29:36.719+09:00 INFO  [Thread-33] o.s.b.w.e.tomcat.GracefulShutdown - Commencing graceful shutdown. Waiting for active requests to complete viewId=
2025-11-04T09:29:36.730+09:00 INFO  [tomcat-shutdown] o.s.b.w.e.tomcat.GracefulShutdown - Graceful shutdown complete viewId=
2025-11-04T09:29:36.746+09:00 INFO  [Thread-33] o.s.o.j.LocalContainerEntityManagerFactoryBean - Closing JPA EntityManagerFactory for persistence unit 'default' viewId=
2025-11-04T09:29:36.747+09:00 INFO  [Thread-33] com.zaxxer.hikari.HikariDataSource - HikariPool-7 - Shutdown initiated... viewId=
2025-11-04T09:29:36.754+09:00 INFO  [Thread-33] com.zaxxer.hikari.HikariDataSource - HikariPool-7 - Shutdown completed. viewId=
